******************************************************************************
                  MSP430 Linker PC v4.1.4                      
******************************************************************************
>> Linked Sun Oct 13 23:28:15 2013

OUTPUT FILE NAME:   <ez430_chronos_868MHz.out>
ENTRY POINT SYMBOL: "_c_int00"  address: 0000e62a


MEMORY CONFIGURATION

         name            origin    length      used     unused   attr    fill
----------------------  --------  ---------  --------  --------  ----  --------
  SFR                   00000000   00000010  00000000  00000010  RWIX
  PERIPHERALS_8BIT      00000010   000000f0  00000000  000000f0  RWIX
  PERIPHERALS_16BIT     00000100   00000100  00000000  00000100  RWIX
  INFOD                 00001800   00000080  00000000  00000080  RWIX
  INFOC                 00001880   00000080  00000000  00000080  RWIX
  INFOB                 00001900   00000080  00000000  00000080  RWIX
  INFOA                 00001980   00000080  00000000  00000080  RWIX
  RAM                   00001c00   00000ffe  0000033f  00000cbf  RWIX
  FLASH                 00008000   00007f80  00007b6d  00000413  RWIX
  INT00                 0000ff80   00000002  00000000  00000002  RWIX
  INT01                 0000ff82   00000002  00000000  00000002  RWIX
  INT02                 0000ff84   00000002  00000000  00000002  RWIX
  INT03                 0000ff86   00000002  00000000  00000002  RWIX
  INT04                 0000ff88   00000002  00000000  00000002  RWIX
  INT05                 0000ff8a   00000002  00000000  00000002  RWIX
  INT06                 0000ff8c   00000002  00000000  00000002  RWIX
  INT07                 0000ff8e   00000002  00000000  00000002  RWIX
  INT08                 0000ff90   00000002  00000000  00000002  RWIX
  INT09                 0000ff92   00000002  00000000  00000002  RWIX
  INT10                 0000ff94   00000002  00000000  00000002  RWIX
  INT11                 0000ff96   00000002  00000000  00000002  RWIX
  INT12                 0000ff98   00000002  00000000  00000002  RWIX
  INT13                 0000ff9a   00000002  00000000  00000002  RWIX
  INT14                 0000ff9c   00000002  00000000  00000002  RWIX
  INT15                 0000ff9e   00000002  00000000  00000002  RWIX
  INT16                 0000ffa0   00000002  00000000  00000002  RWIX
  INT17                 0000ffa2   00000002  00000000  00000002  RWIX
  INT18                 0000ffa4   00000002  00000000  00000002  RWIX
  INT19                 0000ffa6   00000002  00000000  00000002  RWIX
  INT20                 0000ffa8   00000002  00000000  00000002  RWIX
  INT21                 0000ffaa   00000002  00000000  00000002  RWIX
  INT22                 0000ffac   00000002  00000000  00000002  RWIX
  INT23                 0000ffae   00000002  00000000  00000002  RWIX
  INT24                 0000ffb0   00000002  00000000  00000002  RWIX
  INT25                 0000ffb2   00000002  00000000  00000002  RWIX
  INT26                 0000ffb4   00000002  00000000  00000002  RWIX
  INT27                 0000ffb6   00000002  00000000  00000002  RWIX
  INT28                 0000ffb8   00000002  00000000  00000002  RWIX
  INT29                 0000ffba   00000002  00000000  00000002  RWIX
  INT30                 0000ffbc   00000002  00000000  00000002  RWIX
  INT31                 0000ffbe   00000002  00000000  00000002  RWIX
  INT32                 0000ffc0   00000002  00000000  00000002  RWIX
  INT33                 0000ffc2   00000002  00000000  00000002  RWIX
  INT34                 0000ffc4   00000002  00000000  00000002  RWIX
  INT35                 0000ffc6   00000002  00000000  00000002  RWIX
  INT36                 0000ffc8   00000002  00000000  00000002  RWIX
  INT37                 0000ffca   00000002  00000000  00000002  RWIX
  INT38                 0000ffcc   00000002  00000000  00000002  RWIX
  INT39                 0000ffce   00000002  00000000  00000002  RWIX
  INT40                 0000ffd0   00000002  00000000  00000002  RWIX
  INT41                 0000ffd2   00000002  00000000  00000002  RWIX
  INT42                 0000ffd4   00000002  00000000  00000002  RWIX
  INT43                 0000ffd6   00000002  00000000  00000002  RWIX
  INT44                 0000ffd8   00000002  00000000  00000002  RWIX
  INT45                 0000ffda   00000002  00000000  00000002  RWIX
  INT46                 0000ffdc   00000002  00000000  00000002  RWIX
  INT47                 0000ffde   00000002  00000000  00000002  RWIX
  INT48                 0000ffe0   00000002  00000002  00000000  RWIX
  INT49                 0000ffe2   00000002  00000000  00000002  RWIX
  INT50                 0000ffe4   00000002  00000000  00000002  RWIX
  INT51                 0000ffe6   00000002  00000000  00000002  RWIX
  INT52                 0000ffe8   00000002  00000000  00000002  RWIX
  INT53                 0000ffea   00000002  00000002  00000000  RWIX
  INT54                 0000ffec   00000002  00000002  00000000  RWIX
  INT55                 0000ffee   00000002  00000002  00000000  RWIX
  INT56                 0000fff0   00000002  00000002  00000000  RWIX
  INT57                 0000fff2   00000002  00000000  00000002  RWIX
  INT58                 0000fff4   00000002  00000000  00000002  RWIX
  INT59                 0000fff6   00000002  00000000  00000002  RWIX
  INT60                 0000fff8   00000002  00000000  00000002  RWIX
  INT61                 0000fffa   00000002  00000000  00000002  RWIX
  INT62                 0000fffc   00000002  00000000  00000002  RWIX
  RESET                 0000fffe   00000002  00000002  00000000  RWIX


SECTION ALLOCATION MAP

 output                                  attributes/
section   page    origin      length       input sections
--------  ----  ----------  ----------   ----------------
.pinit     0    00008000    00000000     UNINITIALIZED

.bss       0    00001c00    000002ef     UNINITIALIZED
                  00001c00    0000008c     CC430_End_Device_868MHz.lib : nwk_QMgmt.obj (.bss)
                  00001c8c    0000005e     ez430_chronos_drivers.lib : display.obj (.bss)
                  00001cea    00000048     rfsimpliciti.obj (.bss)
                  00001d32    00000045     ez430_chronos_drivers.lib : vti_ps.obj (.bss)
                  00001d77    00000001     CC430_End_Device_868MHz.lib : main_ED_BM.obj (.bss)
                  00001d78    0000003d                                 : mrfi.obj (.bss)
                  00001db5    0000001d                                 : nwk.obj (.bss)
                  00001dd2    0000001c     BlueRobin_RX_868MHz.lib : BRRX_Resource.obj (.bss)
                  00001dee    0000001a     bluerobin.obj (.bss)
                  00001e08    00000010     main.obj (.bss)
                  00001e18    0000000e     altitude.obj (.bss)
                  00001e26    0000000e     clock.obj (.bss)
                  00001e34    0000000e     stopwatch.obj (.bss)
                  00001e42    0000000c     BlueRobin_RX_868MHz.lib : BRRX_Scheduler.obj (.bss)
                  00001e4e    0000000a                             : BR_Common.obj (.bss)
                  00001e58    0000000a     CC430_End_Device_868MHz.lib : nwk_frame.obj (.bss)
                  00001e62    0000000a                                 : nwk_link.obj (.bss)
                  00001e6c    0000000a     acceleration.obj (.bss)
                  00001e76    0000000a     ez430_chronos_drivers.lib : ports.obj (.bss)
                  00001e80    00000009     CC430_End_Device_868MHz.lib : nwk_globals.obj (.bss)
                  00001e89    00000001                                 : nwk_api.obj (.bss)
                  00001e8a    00000009                                 : nwk_join.obj (.bss)
                  00001e93    00000001                                 : nwk_ping.obj (.bss)
                  00001e94    00000008     BlueRobin_RX_868MHz.lib : BRRX_Timer.obj (.bss)
                  00001e9c    00000008     battery.obj (.bss)
                  00001ea4    00000008     ez430_chronos_drivers.lib : buzzer.obj (.bss)
                  00001eac    00000008     rts430x.lib : _lock.obj (.bss)
                  00001eb4    00000008                 : boot.obj (.bss)
                  00001ebc    00000007     ez430_chronos_drivers.lib : timer.obj (.bss)
                  00001ec3    00000001                               : vti_as.obj (.bss)
                  00001ec4    00000006     BlueRobin_RX_868MHz.lib : BRRX_Radio.obj (.bss)
                  00001eca    00000006     date.obj (.bss)
                  00001ed0    00000006     temperature.obj (.bss)
                  00001ed6    00000005     BlueRobin_RX_868MHz.lib : BRRX_Packet.obj (.bss)
                  00001edb    00000001     rfbsl.obj (.bss)
                  00001edc    00000004     BlueRobin_RX_868MHz.lib : BRRX_API.obj (.bss)
                  00001ee0    00000004     alarm.obj (.bss)
                  00001ee4    00000004     menu.obj (.bss)
                  00001ee8    00000003     CC430_End_Device_868MHz.lib : nwk_mgmt.obj (.bss)
                  00001eeb    00000001     --HOLE--
                  00001eec    00000003     ez430_chronos_drivers.lib : adc12.obj (.bss)

.stack     0    00002bac    00000050     UNINITIALIZED
                  00002bac    00000002     rts430x.lib : boot.obj (.stack)
                  00002bae    0000004e     --HOLE--

.text      0    00008000    000073d4     
                  00008000    0000029a     ez430_chronos_drivers.lib : vti_ps.obj (.text:conv_pa_to_meter)
                  0000829a    00000284     BlueRobin_RX_868MHz.lib : BRRX_Scheduler.obj (.text:BRRX__Scheduler_v)
                  0000851e    00000266     ez430_chronos_drivers.lib : timer.obj (.text:_isr:TIMER0_A0_ISR)
                  00008784    00000238     test.obj (.text:test_mode)
                  000089bc    0000021e     user.obj (.text:set_value)
                  00008bda    000001fe     ez430_chronos_drivers.lib : ports.obj (.text:_isr:PORT2_ISR)
                  00008dd8    000001f4     clock.obj (.text:mx_time)
                  00008fcc    000001e4     bluerobin.obj (.text:mx_caldist)
                  000091b0    000001de     date.obj (.text:mx_date)
                  0000938e    000001d8     ez430_chronos_drivers.lib : vti_ps.obj (.text:update_pressure_table)
                  00009566    00000198     CC430_End_Device_868MHz.lib : mrfi.obj (.text:MRFI_Init)
                  000096fe    00000160     clock.obj (.text:display_time)
                  0000985e    0000015e     CC430_End_Device_868MHz.lib : nwk_link.obj (.text:smpl_send_link_reply)
                  000099bc    00000152                                 : nwk_link.obj (.text:nwk_link)
                  00009b0e    0000014a     rfsimpliciti.obj (.text:simpliciti_sync_decode_ap_cmd_callback)
                  00009c58    00000146     main.obj (.text:display_update)
                  00009d9e    00000132     acceleration.obj (.text:display_acceleration)
                  00009ed0    00000130     rts430x.lib : fs_add.obj (.text)
                  0000a000    00000126     stopwatch.obj (.text:display_stopwatch)
                  0000a126    0000011e     CC430_End_Device_868MHz.lib : nwk_api.obj (.text:SMPL_Ioctl)
                  0000a244    00000116     main.obj (.text:wakeup_event)
                  0000a35a    0000010c     BlueRobin_RX_868MHz.lib : BRRX_Scheduler.obj (.text:PacketMissed_v)
                  0000a466    00000100     temperature.obj (.text:mx_temperature)
                  0000a566    00000100     bluerobin.obj (.text:sx_bluerobin)
                  0000a666    000000f8     alarm.obj (.text:mx_alarm)
                  0000a75e    000000f8     CC430_End_Device_868MHz.lib : nwk_join.obj (.text:nwk_join)
                  0000a856    000000f6                                 : mrfi.obj (.text:Mrfi_SyncPinRxIsr)
                  0000a94c    000000f0     stopwatch.obj (.text:stopwatch_tick)
                  0000aa3c    000000ee     CC430_End_Device_868MHz.lib : nwk_api.obj (.text:SMPL_SendOpt)
                  0000ab2a    000000ee                                 : nwk_QMgmt.obj (.text:nwk_QfindOldest)
                  0000ac18    000000ec     altitude.obj (.text:display_altitude)
                  0000ad04    000000ec     altitude.obj (.text:mx_altitude)
                  0000adf0    000000e6     temperature.obj (.text:display_temperature)
                  0000aed6    000000e4     rfsimpliciti.obj (.text:simpliciti_sync_get_data_callback)
                  0000afba    000000de     bluerobin.obj (.text:display_speed)
                  0000b098    000000dc     bluerobin.obj (.text:display_distance)
                  0000b174    000000d4     ez430_chronos_drivers.lib : display.obj (.text:display_chars)
                  0000b248    000000d4     CC430_End_Device_868MHz.lib : nwk.obj (.text:nwk_allocateLocalRxPort)
                  0000b31c    000000cc     rfsimpliciti.obj (.text:start_simpliciti_tx_only)
                  0000b3e8    000000ca     date.obj (.text:display_date)
                  0000b4b2    000000c8     main.obj (.text:init_application)
                  0000b57a    000000c6     CC430_End_Device_868MHz.lib : mrfi.obj (.text:MRFI_Transmit)
                  0000b640    000000c4     alarm.obj (.text:display_alarm)
                  0000b704    000000c4     ez430_chronos_drivers.lib : display.obj (.text:int_to_array)
                  0000b7c8    000000c4     main.obj (.text:read_calibration_values)
                  0000b88c    000000b6     BlueRobin_RX_868MHz.lib : BRRX_Scheduler.obj (.text:SearchPacketHit_u8)
                  0000b942    000000b6     rts430x.lib : fs_mpy.obj (.text)
                  0000b9f8    000000b6     CC430_End_Device_868MHz.lib : main_ED_BM.obj (.text:simpliciti_link)
                  0000baae    000000b6                                 : main_ED_BM.obj (.text:simpliciti_main_sync)
                  0000bb64    000000a4     rfsimpliciti.obj (.text:simpliciti_get_ed_data_callback)
                  0000bc08    000000a2     CC430_End_Device_868MHz.lib : nwk_frame.obj (.text:nwk_retrieveFrame)
                  0000bcaa    0000009e     altitude.obj (.text:do_altitude_measurement)
                  0000bd48    0000009e     rfsimpliciti.obj (.text:start_simpliciti_sync)
                  0000bde6    0000009c     CC430_End_Device_868MHz.lib : nwk_ioctl.obj (.text:nwk_radioControl)
                  0000be82    00000098     ez430_chronos_drivers.lib : rf1a.obj (.text:Strobe)
                  0000bf1a    00000098                               : vti_ps.obj (.text:ps_twi_sda)
                  0000bfb2    00000096     temperature.obj (.text:temperature_measurement)
                  0000c048    00000094     CC430_End_Device_868MHz.lib : nwk.obj (.text:nwk_nwkInit)
                  0000c0dc    00000090     bluerobin.obj (.text:get_bluerobin_data)
                  0000c16c    00000090     CC430_End_Device_868MHz.lib : mrfi.obj (.text:mrfiRadioInterfaceCmdStrobe)
                  0000c1fc    00000090                                 : nwk_frame.obj (.text:nwk_buildFrame)
                  0000c28c    0000008e     rts430x.lib : fs_div.obj (.text)
                  0000c31a    0000008c     CC430_End_Device_868MHz.lib : nwk_frame.obj (.text:dispatchFrame)
                  0000c3a6    0000008c                                 : nwk.obj (.text:nwk_isConnectionValid)
                  0000c432    00000086     BlueRobin_RX_868MHz.lib : BRRX_Scheduler.obj (.text:GetData_v)
                  0000c4b8    00000086                             : BRRX_Scheduler.obj (.text:TrimACLK_Offset_v)
                  0000c53e    00000084     ez430_chronos_drivers.lib : timer.obj (.text:_isr:TIMER0_A1_5_ISR)
                  0000c5c2    00000082     date.obj (.text:get_numberOfDays)
                  0000c644    00000080     ez430_chronos_drivers.lib : vti_as.obj (.text:as_start)
                  0000c6c4    00000080     CC430_End_Device_868MHz.lib : nwk_frame.obj (.text:nwk_sendAckReply)
                  0000c744    0000007e     BlueRobin_RX_868MHz.lib : BRRX_Radio.obj (.text:BRRX_RadioReceive_v)
                  0000c7c2    00000078     ez430_chronos_drivers.lib : vti_ps.obj (.text:ps_init)
                  0000c83a    00000076     CC430_End_Device_868MHz.lib : nwk_QMgmt.obj (.text:nwk_QfindSlot)
                  0000c8b0    00000074     battery.obj (.text:battery_measurement)
                  0000c924    00000072     ez430_chronos_drivers.lib : display.obj (.text:display_char)
                  0000c996    00000072                               : vti_ps.obj (.text:ps_read_register)
                  0000ca08    00000070     BlueRobin_RX_868MHz.lib : BRRX_Radio.obj (.text:BRRX_RadioInit_v)
                  0000ca78    0000006e     main.obj (.text:init_global_variables)
                  0000cae6    0000006c     ez430_chronos_drivers.lib : vti_as.obj (.text:as_read_register)
                  0000cb52    0000006a     BlueRobin_RX_868MHz.lib : BRRX_API.obj (.text:ResetTXCB_v)
                  0000cbbc    00000068     ez430_chronos_drivers.lib : rf1a.obj (.text:WritePATable)
                  0000cc24    00000068                               : adc12.obj (.text:adc12_single_conversion)
                  0000cc8c    00000068     CC430_End_Device_868MHz.lib : nwk_link.obj (.text:smpl_send_unlink_reply)
                  0000ccf4    00000066     ez430_chronos_drivers.lib : vti_as.obj (.text:as_write_register)
                  0000cd5a    00000066     bluerobin.obj (.text:display_heartrate)
                  0000cdc0    00000066     ez430_chronos_drivers.lib : vti_ps.obj (.text:ps_get_pa)
                  0000ce26    00000064     CC430_End_Device_868MHz.lib : mrfi.obj (.text:mrfiRadioInterfaceReadRxFifo)
                  0000ce8a    00000062                                 : mrfi.obj (.text:MRFI_RadioIsr)
                  0000ceec    00000062     ez430_chronos_drivers.lib : timer.obj (.text:Timer0_A4_Delay)
                  0000cf4e    0000005e     BlueRobin_RX_868MHz.lib : BRRX_Radio.obj (.text:BRRX_PacketEndTimerTask_v)
                  0000cfac    0000005e     battery.obj (.text:display_battery_V)
                  0000d00a    0000005e     ez430_chronos_drivers.lib : display.obj (.text:write_lcd_mem)
                  0000d068    0000005c     BlueRobin_RX_868MHz.lib : BRRX_Scheduler.obj (.text:PrepareForFirstPacket_v)
                  0000d0c4    0000005c     clock.obj (.text:clock_tick)
                  0000d120    0000005a     ez430_chronos_drivers.lib : display.obj (.text:clear_line)
                  0000d17a    00000058     BlueRobin_RX_868MHz.lib : BRRX_API.obj (.text:BRRX_Start_v)
                  0000d1d2    00000058                             : BRRX_Scheduler.obj (.text:BRRX__StartNewSearch_v)
                  0000d22a    00000058     ez430_chronos_drivers.lib : vti_ps.obj (.text:ps_write_register)
                  0000d282    00000058     rts430x.lib : div32u.obj (.text)
                  0000d2da    00000056     BlueRobin_RX_868MHz.lib : BRRX_Radio.obj (.text:BRRX_RadioCalibrate_v)
                  0000d330    00000054     bluerobin.obj (.text:display_calories)
                  0000d384    00000054     rfbsl.obj (.text:sx_rfbsl)
                  0000d3d8    00000052     BlueRobin_RX_868MHz.lib : BRRX_Scheduler.obj (.text:TestStartTime_v)
                  0000d42a    00000052     CC430_End_Device_868MHz.lib : nwk_ioctl.obj (.text:nwk_rawSend)
                  0000d47c    00000052     ez430_chronos_drivers.lib : vti_ps.obj (.text:ps_twi_read)
                  0000d4ce    0000004e     BlueRobin_RX_868MHz.lib : BRRX_Scheduler.obj (.text:SearchPacketCheck_u8)
                  0000d51c    0000004c     date.obj (.text:add_day)
                  0000d568    0000004c     ez430_chronos_drivers.lib : ports.obj (.text:button_repeat_function)
                  0000d5b4    0000004c     acceleration.obj (.text:convert_acceleration_value_to_mgrav)
                  0000d600    0000004c     ez430_chronos_drivers.lib : vti_ps.obj (.text:ps_get_temp)
                  0000d64c    0000004c     rts430x.lib : fs_toul.obj (.text)
                  0000d698    0000004a                 : fs_cmp.obj (.text)
                  0000d6e2    0000004a     ez430_chronos_drivers.lib : buzzer.obj (.text:toggle_buzzer)
                  0000d72c    00000048     BlueRobin_RX_868MHz.lib : BR_Common.obj (.text:BR__CalcRandomTimeOffset_u16)
                  0000d774    00000048     rts430x.lib : autoinit.obj (.text:_auto_init)
                  0000d7bc    00000048     ez430_chronos_drivers.lib : buzzer.obj (.text:start_buzzer)
                  0000d804    00000048     bluerobin.obj (.text:stop_bluerobin)
                  0000d84c    00000046     ez430_chronos_drivers.lib : rf1a.obj (.text:ReadBurstReg)
                  0000d892    00000046                               : pmm.obj (.text:SetVCoreUp)
                  0000d8d8    00000046                               : rf1a.obj (.text:WriteBurstReg)
                  0000d91e    00000046                               : display.obj (.text:display_hours)
                  0000d964    00000046     CC430_End_Device_868MHz.lib : mrfi.obj (.text:mrfiRadioInterfaceReadReg)
                  0000d9aa    00000046     rts430x.lib : fs_tou.obj (.text)
                  0000d9f0    00000046     CC430_End_Device_868MHz.lib : main_ED_BM.obj (.text:simpliciti_main_tx_only)
                  0000da36    00000044                                 : nwk_api.obj (.text:SMPL_Receive)
                  0000da7a    00000044     main.obj (.text:process_requests)
                  0000dabe    00000044     CC430_End_Device_868MHz.lib : nwk_ping.obj (.text:smpl_send_ping_reply)
                  0000db02    00000042     BlueRobin_RX_868MHz.lib : BRRX_Scheduler.obj (.text:PacketHit_u8)
                  0000db44    00000042     ez430_chronos_drivers.lib : vti_ps.obj (.text:ps_twi_write)
                  0000db86    00000040     BlueRobin_RX_868MHz.lib : BRRX_API.obj (.text:BRRX__NewInfo_v)
                  0000dbc6    00000040     CC430_End_Device_868MHz.lib : nwk.obj (.text:nwk_isValidReply)
                  0000dc06    00000040     altitude.obj (.text:reset_altitude_measurement)
                  0000dc46    00000040     rts430x.lib : div32s.obj (.text)
                  0000dc86    00000040     altitude.obj (.text:start_altitude_measurement)
                  0000dcc6    0000003e     BlueRobin_RX_868MHz.lib : BRRX_API.obj (.text:BRRX_SetID_v)
                  0000dd04    0000003e                             : BRRX_Packet.obj (.text:BRRX__DecodePacket_u8)
                  0000dd42    0000003e     rts430x.lib : lsl32.obj (.text:l_lsl_const)
                  0000dd80    0000003e                 : lsr32.obj (.text:l_lsr_const)
                  0000ddbe    0000003e     CC430_End_Device_868MHz.lib : nwk.obj (.text:nwk_getNextConnection)
                  0000ddfc    0000003c     BlueRobin_RX_868MHz.lib : BRRX_Timer.obj (.text:BRRX_TimerTask_v)
                  0000de38    0000003c     CC430_End_Device_868MHz.lib : mrfi.obj (.text:MRFI_ReplyDelay)
                  0000de74    0000003c                                 : nwk.obj (.text:nwk_findPeer)
                  0000deb0    0000003c                                 : nwk.obj (.text:nwk_isLinkDuplicate)
                  0000deec    0000003c     stopwatch.obj (.text:update_stopwatch_timer)
                  0000df28    0000003a     CC430_End_Device_868MHz.lib : mrfi.obj (.text:Mrfi_RxAddrIsFiltered)
                  0000df62    0000003a     ez430_chronos_drivers.lib : rf1a.obj (.text:WriteSingleReg)
                  0000df9c    0000003a     CC430_End_Device_868MHz.lib : nwk_mgmt.obj (.text:nwk_processMgmt)
                  0000dfd6    00000038     BlueRobin_RX_868MHz.lib : BRRX_API.obj (.text:BRRX_Init_v)
                  0000e00e    00000038     ez430_chronos_drivers.lib : radio.obj (.text:_isr:radio_ISR)
                  0000e046    00000038     CC430_End_Device_868MHz.lib : nwk.obj (.text:initializeConnection)
                  0000e07e    00000036     main.obj (.text:main)
                  0000e0b4    00000036     CC430_End_Device_868MHz.lib : nwk.obj (.text:nwk_putNumObjectIntoMsg)
                  0000e0ea    00000036     rts430x.lib : fs_itof.obj (.text)
                  0000e120    00000034     BlueRobin_RX_868MHz.lib : BR_Common.obj (.text:BR__CalcCRC_u8)
                  0000e154    00000034     CC430_End_Device_868MHz.lib : bsp.obj (.text:BSP_Delay)
                  0000e188    00000034                                 : nwk_api.obj (.text:SMPL_Init)
                  0000e1bc    00000034     BlueRobin_RX_868MHz.lib : BRRX_Scheduler.obj (.text:TrimRFCLK_Offset_v)
                  0000e1f0    00000034     CC430_End_Device_868MHz.lib : mrfi.obj (.text:mrfiRadioInterfaceWriteReg)
                  0000e224    00000034                                 : mrfi.obj (.text:mrfiRadioInterfaceWriteTxFifo)
                  0000e258    00000032     BlueRobin_RX_868MHz.lib : BRRX_Radio.obj (.text:BRRX_RadioStop_v)
                  0000e28a    00000032     CC430_End_Device_868MHz.lib : mrfi.obj (.text:MRFI_SetLogicalChannel)
                  0000e2bc    00000032     ez430_chronos_drivers.lib : vti_as.obj (.text:as_stop)
                  0000e2ee    00000032     CC430_End_Device_868MHz.lib : nwk_ioctl.obj (.text:nwk_deviceAddress)
                  0000e320    00000032     ez430_chronos_drivers.lib : radio.obj (.text:radio_reset)
                  0000e352    00000032     bluerobin.obj (.text:reset_bluerobin)
                  0000e384    00000032     rts430x.lib : fs_ultof.obj (.text)
                  0000e3b6    00000032     alarm.obj (.text:sx_alarm)
                  0000e3e8    00000030     CC430_End_Device_868MHz.lib : nwk_link.obj (.text:nwk_linkInit)
                  0000e418    00000030                                 : nwk_ioctl.obj (.text:nwk_rawReceive)
                  0000e448    00000030                                 : nwk_frame.obj (.text:nwk_sendFrame)
                  0000e478    0000002e                                 : mrfi.obj (.text:Mrfi_CalculateRssi)
                  0000e4a6    0000002e     ez430_chronos_drivers.lib : vti_as.obj (.text:as_init)
                  0000e4d4    0000002c     CC430_End_Device_868MHz.lib : mrfi.obj (.text:Mrfi_RxModeOff)
                  0000e500    0000002c                                 : nwk_QMgmt.obj (.text:nwk_QadjustOrder)
                  0000e52c    0000002c     rts430x.lib : div16s.obj (.text)
                  0000e558    0000002a     BlueRobin_RX_868MHz.lib : BRRX_API.obj (.text:BRRX_GetID_u32)
                  0000e582    0000002a     CC430_End_Device_868MHz.lib : mrfi.obj (.text:MRFI_SetRxAddrFilter)
                  0000e5ac    0000002a                                 : mrfi.obj (.text:Mrfi_DelayUsecSem)
                  0000e5d6    0000002a     BlueRobin_RX_868MHz.lib : BRRX_Scheduler.obj (.text:SearchPacketMissed_u8)
                  0000e600    0000002a     ez430_chronos_drivers.lib : timer.obj (.text:Timer0_A3_Start)
                  0000e62a    0000002a     rts430x.lib : boot.obj (.text:_isr:_c_int00_noexit)
                  0000e654    0000002a     ez430_chronos_drivers.lib : vti_as.obj (.text:as_get_data)
                  0000e67e    0000002a     rfbsl.obj (.text:display_rfbsl)
                  0000e6a8    0000002a     ez430_chronos_drivers.lib : display.obj (.text:lcd_init)
                  0000e6d2    00000028     CC430_End_Device_868MHz.lib : nwk.obj (.text:map_lid2idx)
                  0000e6fa    00000028                                 : nwk.obj (.text:nwk_getConnInfo)
                  0000e722    00000028                                 : nwk_ping.obj (.text:nwk_processPing)
                  0000e74a    00000028     rfsimpliciti.obj (.text:sx_ppt)
                  0000e772    00000028     rfsimpliciti.obj (.text:sx_rf)
                  0000e79a    00000026     ez430_chronos_drivers.lib : pmm.obj (.text:SetVCore)
                  0000e7c0    00000026                               : pmm.obj (.text:SetVCoreDown)
                  0000e7e6    00000026     CC430_End_Device_868MHz.lib : nwk_link.obj (.text:handleLinkRequest)
                  0000e80c    00000026     ez430_chronos_drivers.lib : ports.obj (.text:init_buttons)
                  0000e832    00000026                               : vti_ps.obj (.text:init_pressure_table)
                  0000e858    00000026     CC430_End_Device_868MHz.lib : nwk.obj (.text:nwk_checkConnInfo)
                  0000e87e    00000026                                 : nwk_globals.obj (.text:nwk_globalsInit)
                  0000e8a4    00000026                                 : nwk_join.obj (.text:nwk_joinInit)
                  0000e8ca    00000026                                 : nwk_link.obj (.text:nwk_processLink)
                  0000e8f0    00000026     rfsimpliciti.obj (.text:sx_sync)
                  0000e916    00000024     BlueRobin_RX_868MHz.lib : BRRX_API.obj (.text:BRRX_GetState_t)
                  0000e93a    00000024     CC430_End_Device_868MHz.lib : mrfi.obj (.text:MRFI_Sleep)
                  0000e95e    00000024                                 : mrfi.obj (.text:Mrfi_DelayUsec)
                  0000e982    00000024     rts430x.lib : fs_utof.obj (.text)
                  0000e9a6    00000022     CC430_End_Device_868MHz.lib : mrfi.obj (.text:MRFI_WakeUp)
                  0000e9c8    00000022     ez430_chronos_drivers.lib : display.obj (.text:display_value)
                  0000e9ea    00000022     rts430x.lib : memcmp.obj (.text:memcmp)
                  0000ea0c    00000022     CC430_End_Device_868MHz.lib : nwk_frame.obj (.text:nwk_buildAckReqFrame)
                  0000ea2e    00000022     rts430x.lib : mult32_f5hw.obj (.text)
                  0000ea50    00000022     stopwatch.obj (.text:start_stopwatch)
                  0000ea72    00000020     BlueRobin_RX_868MHz.lib : BRRX_API.obj (.text:BRRX_GetDistance_u16)
                  0000ea92    00000020                             : BRRX_API.obj (.text:BRRX_GetSpeed_u8)
                  0000eab2    00000020     CC430_End_Device_868MHz.lib : mrfi.obj (.text:MRFI_Rssi)
                  0000ead2    00000020                                 : nwk_frame.obj (.text:MRFI_RxCompleteISR)
                  0000eaf2    00000020                                 : mrfi.obj (.text:MRFI_RxIdle)
                  0000eb12    00000020                                 : mrfi.obj (.text:MRFI_RxOn)
                  0000eb32    00000020     rts430x.lib : memmov.obj (.text:memmove)
                  0000eb52    00000020     CC430_End_Device_868MHz.lib : nwk_ioctl.obj (.text:nwk_connectionControl)
                  0000eb72    00000020     clock.obj (.text:reset_clock)
                  0000eb92    00000020     stopwatch.obj (.text:reset_stopwatch)
                  0000ebb2    00000020     ez430_chronos_drivers.lib : buzzer.obj (.text:stop_buzzer)
                  0000ebd2    0000001e     CC430_End_Device_868MHz.lib : mrfi.obj (.text:MRFI_EnableRxAddrFilter)
                  0000ebf0    0000001e                                 : mrfi.obj (.text:Mrfi_RandomBackoffDelay)
                  0000ec0e    0000001e     BlueRobin_RX_868MHz.lib : BRRX_Timer.obj (.text:SetAbsoluteTimer_v)
                  0000ec2c    0000001e     ez430_chronos_drivers.lib : display.obj (.text:display_symbol)
                  0000ec4a    0000001e     CC430_End_Device_868MHz.lib : nwk_frame.obj (.text:nwk_frameInit)
                  0000ec68    0000001e                                 : nwk_globals.obj (.text:nwk_setMyAddress)
                  0000ec86    0000001c     alarm.obj (.text:check_alarm)
                  0000eca2    0000001c     ez430_chronos_drivers.lib : display.obj (.text:clear_display_all)
                  0000ecbe    0000001c     altitude.obj (.text:convert_ft_to_m)
                  0000ecda    0000001c     altitude.obj (.text:convert_m_to_ft)
                  0000ecf6    0000001c     ez430_chronos_drivers.lib : display.obj (.text:display_am_pm_symbol)
                  0000ed12    0000001c     CC430_End_Device_868MHz.lib : nwk_QMgmt.obj (.text:nwk_QInit)
                  0000ed2e    0000001c                                 : nwk_join.obj (.text:nwk_processJoin)
                  0000ed4a    0000001c     altitude.obj (.text:stop_altitude_measurement)
                  0000ed66    0000001a     BlueRobin_RX_868MHz.lib : BRRX_Scheduler.obj (.text:GetPacketTolerance_u8)
                  0000ed80    0000001a     CC430_End_Device_868MHz.lib : mrfi.obj (.text:MRFI_SetRFPwr)
                  0000ed9a    0000001a     ez430_chronos_drivers.lib : adc12.obj (.text:_isr:ADC12ISR)
                  0000edb4    0000001a     stopwatch.obj (.text:stop_stopwatch)
                  0000edce    0000001a     bluerobin.obj (.text:sx_caldist)
                  0000ede8    00000018     CC430_End_Device_868MHz.lib : mrfi.obj (.text:MRFI_DelayMs)
                  0000ee00    00000018     ez430_chronos_drivers.lib : rf1a.obj (.text:ReadSingleReg)
                  0000ee18    00000018     temperature.obj (.text:convert_C_to_F)
                  0000ee30    00000018     clock.obj (.text:convert_hour_to_12H_format)
                  0000ee48    00000018     test.obj (.text:display_all_on)
                  0000ee60    00000018     alarm.obj (.text:reset_alarm)
                  0000ee78    00000018     acceleration.obj (.text:sx_acceleration)
                  0000ee90    00000016     CC430_End_Device_868MHz.lib : mrfi.obj (.text:MRFI_RandomByte)
                  0000eea6    00000016                                 : mrfi.obj (.text:Mrfi_RxModeOn)
                  0000eebc    00000016     ez430_chronos_drivers.lib : ports.obj (.text:button_repeat_on)
                  0000eed2    00000016     clock.obj (.text:display_selection_Timeformat1)
                  0000eee8    00000016     bluerobin.obj (.text:display_selection_User_Gender)
                  0000eefe    00000016     rts430x.lib : div16u.obj (.text)
                  0000ef14    00000016                 : mult16_f5hw.obj (.text)
                  0000ef2a    00000016     stopwatch.obj (.text:sx_stopwatch)
                  0000ef40    00000014     ez430_chronos_drivers.lib : timer.obj (.text:Timer0_Init)
                  0000ef54    00000014                               : buzzer.obj (.text:countdown_buzzer)
                  0000ef68    00000014     test.obj (.text:display_all_off)
                  0000ef7c    00000014     rfsimpliciti.obj (.text:display_ppt)
                  0000ef90    00000014     rfsimpliciti.obj (.text:display_rf)
                  0000efa4    00000014     rfsimpliciti.obj (.text:display_sync)
                  0000efb8    00000014     CC430_End_Device_868MHz.lib : nwk_api.obj (.text:ioctlPreInitAccessIsOK)
                  0000efcc    00000014     stopwatch.obj (.text:is_stopwatch)
                  0000efe0    00000014     rts430x.lib : memset.obj (.text:memset)
                  0000eff4    00000014     date.obj (.text:reset_date)
                  0000f008    00000012     BlueRobin_RX_868MHz.lib : BRRX_Radio.obj (.text:BlueRobin_RadioISR_v)
                  0000f01a    00000012     temperature.obj (.text:convert_F_to_C)
                  0000f02c    00000012     acceleration.obj (.text:is_acceleration_measurement)
                  0000f03e    00000012     altitude.obj (.text:is_altitude_measurement)
                  0000f050    00000012     rts430x.lib : memcpy.obj (.text:memcpy)
                  0000f062    00000012     CC430_End_Device_868MHz.lib : nwk_join.obj (.text:nwk_getJoinToken)
                  0000f074    00000012                                 : nwk_link.obj (.text:nwk_getLinkToken)
                  0000f086    00000012                                 : nwk_globals.obj (.text:nwk_getMyAddress)
                  0000f098    00000012                                 : nwk_join.obj (.text:nwk_setJoinToken)
                  0000f0aa    00000012                                 : nwk_link.obj (.text:nwk_setLinkToken)
                  0000f0bc    00000012     ez430_chronos_drivers.lib : radio.obj (.text:open_radio)
                  0000f0ce    00000012     battery.obj (.text:reset_batt_measurement)
                  0000f0e0    00000010     BlueRobin_RX_868MHz.lib : BRRX_Timer.obj (.text:BRRX__StartTimer_v)
                  0000f0f0    00000010     CC430_End_Device_868MHz.lib : bsp.obj (.text:BSP_InitBoard)
                  0000f100    00000010     ez430_chronos_drivers.lib : radio.obj (.text:close_radio)
                  0000f110    00000010     rts430x.lib : lsl32.obj (.text:l_lsl)
                  0000f120    00000010                 : lsr32.obj (.text:l_lsr)
                  0000f130    00000010     ez430_chronos_drivers.lib : radio.obj (.text:radio_powerdown)
                  0000f140    00000010     date.obj (.text:sx_date)
                  0000f150    00000010     clock.obj (.text:sx_time)
                  0000f160    0000000e     acceleration.obj (.text:acceleration_value_is_positive)
                  0000f16e    0000000e     bluerobin.obj (.text:display_caldist)
                  0000f17c    0000000e     clock.obj (.text:is_hour_am)
                  0000f18a    0000000e     stopwatch.obj (.text:mx_stopwatch)
                  0000f198    0000000e     acceleration.obj (.text:reset_acceleration)
                  0000f1a6    0000000e     ez430_chronos_drivers.lib : display.obj (.text:set_blink_rate)
                  0000f1b4    0000000c     BlueRobin_RX_868MHz.lib : BRRX_Timer.obj (.text:BRRX__GetCurrentTime_u16)
                  0000f1c0    0000000c     CC430_End_Device_868MHz.lib : mrfi.obj (.text:MRFI_PostKillSem)
                  0000f1cc    0000000c                                 : mrfi.obj (.text:MRFI_Receive)
                  0000f1d8    0000000c     ez430_chronos_drivers.lib : timer.obj (.text:Timer0_Stop)
                  0000f1e4    0000000c                               : display.obj (.text:clear_display)
                  0000f1f0    0000000c     acceleration.obj (.text:do_acceleration_measurement)
                  0000f1fc    0000000c     CC430_End_Device_868MHz.lib : nwk_ping.obj (.text:handlePingRequest)
                  0000f208    0000000c     main.obj (.text:idle_loop)
                  0000f214    0000000c     bluerobin.obj (.text:is_bluerobin)
                  0000f220    0000000c     bluerobin.obj (.text:is_bluerobin_searching)
                  0000f22c    0000000c     rfsimpliciti.obj (.text:is_rf)
                  0000f238    0000000c     temperature.obj (.text:is_temp_measurement)
                  0000f244    0000000c     CC430_End_Device_868MHz.lib : nwk.obj (.text:nwk_getNumObjectFromMsg)
                  0000f250    0000000c                                 : nwk_globals.obj (.text:nwk_setAPAddress)
                  0000f25c    0000000c     ez430_chronos_drivers.lib : vti_ps.obj (.text:ps_start)
                  0000f268    0000000c                               : display.obj (.text:switch_seg)
                  0000f274    0000000c     menu.obj (.text:update_acceleration)
                  0000f280    0000000c     menu.obj (.text:update_alarm)
                  0000f28c    0000000c     menu.obj (.text:update_battery_voltage)
                  0000f298    0000000c     menu.obj (.text:update_stopwatch)
                  0000f2a4    0000000c     menu.obj (.text:update_temperature)
                  0000f2b0    0000000a     BlueRobin_RX_868MHz.lib : BRRX_Timer.obj (.text:BRRX__IsTimerRunning_v)
                  0000f2ba    0000000a                             : BRRX_Timer.obj (.text:BRRX__StopTimer_v)
                  0000f2c4    0000000a     ez430_chronos_drivers.lib : ports.obj (.text:button_repeat_off)
                  0000f2ce    0000000a     CC430_End_Device_868MHz.lib : nwk_mgmt.obj (.text:nwk_mgmtInit)
                  0000f2d8    0000000a                                 : nwk_ping.obj (.text:nwk_pingInit)
                  0000f2e2    0000000a     ez430_chronos_drivers.lib : vti_ps.obj (.text:ps_stop)
                  0000f2ec    0000000a                               : buzzer.obj (.text:reset_buzzer)
                  0000f2f6    0000000a     rfsimpliciti.obj (.text:reset_rf)
                  0000f300    0000000a     temperature.obj (.text:reset_temp_measurement)
                  0000f30a    0000000a     main.obj (.text:to_lpm)
                  0000f314    0000000a     menu.obj (.text:update_date)
                  0000f31e    0000000a     menu.obj (.text:update_time)
                  0000f328    00000008     BlueRobin_RX_868MHz.lib : BRRX_Radio.obj (.text:BRRX_GetFS_Offset_s8)
                  0000f330    00000008                             : BRRX_API.obj (.text:BRRX_SetSignalLevelReduction_v)
                  0000f338    00000008     ez430_chronos_drivers.lib : timer.obj (.text:Timer0_A3_Stop)
                  0000f340    00000008                               : timer.obj (.text:Timer0_Start)
                  0000f348    00000008     alarm.obj (.text:stop_alarm)
                  0000f350    00000006     BlueRobin_RX_868MHz.lib : BRRX_API.obj (.text:BRRX_GetHeartRate_u8)
                  0000f356    00000006                             : BRRX_API.obj (.text:BRRX_SetPowerdownDelay_v)
                  0000f35c    00000006                             : BRRX_API.obj (.text:BRRX_SetSearchTimeout_v)
                  0000f362    00000006                             : BRRX_API.obj (.text:BRRX_Stop_v)
                  0000f368    00000006                             : BRRX_Timer.obj (.text:BRRX__CallTimer_v)
                  0000f36e    00000006                             : BRRX_Timer.obj (.text:BRRX__InitTimer_v)
                  0000f374    00000006     CC430_End_Device_868MHz.lib : mrfi.obj (.text:MRFI_GetRadioState)
                  0000f37a    00000006     ez430_chronos_drivers.lib : display.obj (.text:clear_blink_mem)
                  0000f380    00000006     bluerobin.obj (.text:mx_bluerobin)
                  0000f386    00000006     CC430_End_Device_868MHz.lib : nwk.obj (.text:nwk_freeConnection)
                  0000f38c    00000006                                 : nwk_globals.obj (.text:nwk_getBCastAddress)
                  0000f392    00000006                                 : nwk_globals.obj (.text:nwk_getFWVersion)
                  0000f398    00000006                                 : nwk_frame.obj (.text:nwk_getMyRxType)
                  0000f39e    00000006     ez430_chronos_drivers.lib : display.obj (.text:start_blink)
                  0000f3a4    00000006                               : display.obj (.text:stop_blink)
                  0000f3aa    00000004     CC430_End_Device_868MHz.lib : nwk_api.obj (.text:SMPL_Link)
                  0000f3ae    00000004     rts430x.lib : pre_init.obj (.text:_system_pre_init)
                  0000f3b2    00000004                 : exit.obj (.text:abort)
                  0000f3b6    00000004     CC430_End_Device_868MHz.lib : nwk.obj (.text:nwk_NVObj)
                  0000f3ba    00000004                                 : nwk_globals.obj (.text:nwk_getProtocolVersion)
                  0000f3be    00000004                                 : nwk_freq.obj (.text:nwk_processFreq)
                  0000f3c2    00000004                                 : nwk_security.obj (.text:nwk_processSecurity)
                  0000f3c6    00000004     ez430_chronos_drivers.lib : vti_ps.obj (.text:twi_delay)
                  0000f3ca    00000002     rts430x.lib : _lock.obj (.text:_nop)
                  0000f3cc    00000002     user.obj (.text:dummy)
                  0000f3ce    00000002     CC430_End_Device_868MHz.lib : nwk_freq.obj (.text:nwk_freqInit)
                  0000f3d0    00000002                                 : nwk_security.obj (.text:nwk_securityInit)
                  0000f3d2    00000002     altitude.obj (.text:sx_altitude)

.const     0    0000f3d4    0000060b     
                  0000f3d4    0000021f     ez430_chronos_drivers.lib : display.obj (.const:int_to_array_conversion_table)
                  0000f5f3    00000001     --HOLE-- [fill = 0]
                  0000f5f4    0000010e     menu.obj (.const)
                  0000f702    00000100     BlueRobin_RX_868MHz.lib : BR_Common.obj (.const:RandomValue_u8)
                  0000f802    0000008c     <whole-program> (.const:.string)
                  0000f88e    00000040     CC430_End_Device_868MHz.lib : mrfi.obj (.const:mrfiRadioCfg)
                  0000f8ce    0000002b     ez430_chronos_drivers.lib : display.obj (.const:.string:lcd_font)
                  0000f8f9    00000001     --HOLE-- [fill = 0]
                  0000f8fa    0000002a                               : display.obj (.const:.string:segments_bitmask)
                  0000f924    00000027     BlueRobin_RX_868MHz.lib : BRRX_Radio.obj (.const:RadioSettings_t)
                  0000f94b    00000001     --HOLE-- [fill = 0]
                  0000f94c    00000022     ez430_chronos_drivers.lib : vti_ps.obj (.const:h0)
                  0000f96e    00000022                               : vti_ps.obj (.const:p0)
                  0000f990    00000018     CC430_End_Device_868MHz.lib : nwk_frame.obj (.const:func)
                  0000f9a8    0000000e     acceleration.obj (.const:mgrav_per_bit)
                  0000f9b6    00000009     CC430_End_Device_868MHz.lib : nwk_globals.obj (.const)
                  0000f9bf    00000001     --HOLE-- [fill = 0]
                  0000f9c0    00000008     clock.obj (.const:selection_Timeformat)
                  0000f9c8    00000008     bluerobin.obj (.const:selection_User_Gender)
                  0000f9d0    00000004     BlueRobin_RX_868MHz.lib : BRRX_Resource.obj (.const)
                  0000f9d4    00000004     CC430_End_Device_868MHz.lib : mrfi.obj (.const:mrfiBroadcastAddr)
                  0000f9d8    00000004                                 : mrfi.obj (.const:mrfiLogicalChanTable)
                  0000f9dc    00000003                                 : mrfi.obj (.const:mrfiRFPowerTable)

.cinit     0    0000f9e0    0000018e     
                  0000f9e0    00000082     <whole-program> (.cinit)
                  0000fa62    0000004d     CC430_End_Device_868MHz.lib : mrfi.obj (.cinit)
                  0000faaf    00000001     --HOLE-- [fill = 0]
                  0000fab0    00000020                                 : nwk_frame.obj (.cinit)
                  0000fad0    00000019                                 : nwk_link.obj (.cinit)
                  0000fae9    00000001     --HOLE-- [fill = 0]
                  0000faea    00000017     BlueRobin_RX_868MHz.lib : BRRX_Scheduler.obj (.cinit)
                  0000fb01    00000001     --HOLE-- [fill = 0]
                  0000fb02    00000017                             : BRRX_Timer.obj (.cinit)
                  0000fb19    00000001     --HOLE-- [fill = 0]
                  0000fb1a    00000015     CC430_End_Device_868MHz.lib : nwk_join.obj (.cinit)
                  0000fb2f    00000001     --HOLE-- [fill = 0]
                  0000fb30    0000000c     BlueRobin_RX_868MHz.lib : BRRX_Radio.obj (.cinit)
                  0000fb3c    0000000b                             : BRRX_Packet.obj (.cinit)
                  0000fb47    00000001     --HOLE-- [fill = 0]
                  0000fb48    0000000b     CC430_End_Device_868MHz.lib : nwk_mgmt.obj (.cinit)
                  0000fb53    00000001     --HOLE-- [fill = 0]
                  0000fb54    00000005                                 : nwk.obj (.cinit)
                  0000fb59    00000001     --HOLE-- [fill = 0]
                  0000fb5a    00000005                                 : nwk_api.obj (.cinit)
                  0000fb5f    00000001     --HOLE-- [fill = 0]
                  0000fb60    00000005                                 : nwk_globals.obj (.cinit)
                  0000fb65    00000001     --HOLE-- [fill = 0]
                  0000fb66    00000005                                 : nwk_ping.obj (.cinit)
                  0000fb6b    00000001     --HOLE-- [fill = 0]
                  0000fb6c    00000002     (.pad.cinit) [fill = 0]

.int48     0    0000ffe0    00000002     
                  0000ffe0    00000002     <whole-program> (.int48)

.int53     0    0000ffea    00000002     
                  0000ffea    00000002     ez430_chronos_drivers.lib : radio.obj (.int53)

.int54     0    0000ffec    00000002     
                  0000ffec    00000002     <whole-program> (.int54)

.int55     0    0000ffee    00000002     
                  0000ffee    00000002     <whole-program> (.int55)

.int56     0    0000fff0    00000002     
                  0000fff0    00000002     <whole-program> (.int56)

.reset     0    0000fffe    00000002     
                  0000fffe    00000002     rts430x.lib : boot.obj (.reset)


GLOBAL SYMBOLS: SORTED ALPHABETICALLY BY Name 

address    name
--------   ----
00001c00   .bss
00008000   .text
00000700   ADC12CTL0
00000701   ADC12CTL0_H
00000700   ADC12CTL0_L
00000702   ADC12CTL1
00000703   ADC12CTL1_H
00000702   ADC12CTL1_L
00000704   ADC12CTL2
00000705   ADC12CTL2_H
00000704   ADC12CTL2_L
0000070c   ADC12IE
0000070d   ADC12IE_H
0000070c   ADC12IE_L
0000070a   ADC12IFG
0000070b   ADC12IFG_H
0000070a   ADC12IFG_L
0000ed9a   ADC12ISR
0000070e   ADC12IV
0000070f   ADC12IV_H
0000070e   ADC12IV_L
00000710   ADC12MCTL0
00000711   ADC12MCTL1
0000071a   ADC12MCTL10
0000071b   ADC12MCTL11
0000071c   ADC12MCTL12
0000071d   ADC12MCTL13
0000071e   ADC12MCTL14
0000071f   ADC12MCTL15
00000712   ADC12MCTL2
00000713   ADC12MCTL3
00000714   ADC12MCTL4
00000715   ADC12MCTL5
00000716   ADC12MCTL6
00000717   ADC12MCTL7
00000718   ADC12MCTL8
00000719   ADC12MCTL9
00000720   ADC12MEM0
00000721   ADC12MEM0_H
00000720   ADC12MEM0_L
00000722   ADC12MEM1
00000734   ADC12MEM10
00000735   ADC12MEM10_H
00000734   ADC12MEM10_L
00000736   ADC12MEM11
00000737   ADC12MEM11_H
00000736   ADC12MEM11_L
00000738   ADC12MEM12
00000739   ADC12MEM12_H
00000738   ADC12MEM12_L
0000073a   ADC12MEM13
0000073b   ADC12MEM13_H
0000073a   ADC12MEM13_L
0000073c   ADC12MEM14
0000073d   ADC12MEM14_H
0000073c   ADC12MEM14_L
0000073e   ADC12MEM15
0000073f   ADC12MEM15_H
0000073e   ADC12MEM15_L
00000723   ADC12MEM1_H
00000722   ADC12MEM1_L
00000724   ADC12MEM2
00000725   ADC12MEM2_H
00000724   ADC12MEM2_L
00000726   ADC12MEM3
00000727   ADC12MEM3_H
00000726   ADC12MEM3_L
00000728   ADC12MEM4
00000729   ADC12MEM4_H
00000728   ADC12MEM4_L
0000072a   ADC12MEM5
0000072b   ADC12MEM5_H
0000072a   ADC12MEM5_L
0000072c   ADC12MEM6
0000072d   ADC12MEM6_H
0000072c   ADC12MEM6_L
0000072e   ADC12MEM7
0000072f   ADC12MEM7_H
0000072e   ADC12MEM7_L
00000730   ADC12MEM8
00000731   ADC12MEM8_H
00000730   ADC12MEM8_L
00000732   ADC12MEM9
00000733   ADC12MEM9_H
00000732   ADC12MEM9_L
000009c0   AESACTL0
000009c1   AESACTL0_H
000009c0   AESACTL0_L
000009c8   AESADIN
000009c9   AESADIN_H
000009c8   AESADIN_L
000009ca   AESADOUT
000009cb   AESADOUT_H
000009ca   AESADOUT_L
000009c6   AESAKEY
000009c7   AESAKEY_H
000009c6   AESAKEY_L
000009c4   AESASTAT
000009c5   AESASTAT_H
000009c4   AESASTAT_L
0000ea72   BRRX_GetDistance_u16
0000f328   BRRX_GetFS_Offset_s8
0000f350   BRRX_GetHeartRate_u8
0000e558   BRRX_GetID_u32
0000ea92   BRRX_GetSpeed_u8
0000e916   BRRX_GetState_t
0000dfd6   BRRX_Init_v
0000cf4e   BRRX_PacketEndTimerTask_v
0000d2da   BRRX_RadioCalibrate_v
0000ca08   BRRX_RadioInit_v
0000c744   BRRX_RadioReceive_v
0000e258   BRRX_RadioStop_v
0000dcc6   BRRX_SetID_v
0000f356   BRRX_SetPowerdownDelay_v
0000f35c   BRRX_SetSearchTimeout_v
0000f330   BRRX_SetSignalLevelReduction_v
0000d17a   BRRX_Start_v
0000f362   BRRX_Stop_v
0000ddfc   BRRX_TimerTask_v
0000f368   BRRX__CallTimer_v
00001ed8   BRRX__CurrentPacketTime_u16
00001eda   BRRX__CurrentSignalLevel_u8
0000dd04   BRRX__DecodePacket_u8
0000f9d0   BRRX__First_TXCB_t
0000f1b4   BRRX__GetCurrentTime_u16
0000f36e   BRRX__InitTimer_v
0000f2b0   BRRX__IsTimerRunning_v
0000f9d2   BRRX__Last_TXCB_t
00001e4a   BRRX__MaxSearchTries_u8
0000db86   BRRX__NewInfo_v
00001e96   BRRX__NextEndTime_u16
00001e94   BRRX__NextEventTime_u16
00001e99   BRRX__NextFrequencyOffset_s8
00001e98   BRRX__NextFrequency_u8
00001e4e   BRRX__PacketBits_t
00001e48   BRRX__PowerdownDelay_u8
0000829a   BRRX__Scheduler_v
00001e4b   BRRX__SearchRatio_u8
00001e49   BRRX__SignalLevelReduction
0000d1d2   BRRX__StartNewSearch_v
0000f0e0   BRRX__StartTimer_v
00001ed6   BRRX__StatusFlags_t
0000f2ba   BRRX__StopTimer_v
00001dd2   BRRX__TXCB_t
00001e4c   BRRX__TestMode_u8
00001e9a   BRRX__TimerState_t
0000e120   BR__CalcCRC_u8
0000d72c   BR__CalcRandomTimeOffset_u16
0000e154   BSP_Delay
0000f0f0   BSP_InitBoard
0000f008   BlueRobin_RadioISR_v
0000f3b2   C$$EXIT
000008c0   CBCTL0
000008c1   CBCTL0_H
000008c0   CBCTL0_L
000008c2   CBCTL1
000008c3   CBCTL1_H
000008c2   CBCTL1_L
000008c4   CBCTL2
000008c5   CBCTL2_H
000008c4   CBCTL2_L
000008c6   CBCTL3
000008c7   CBCTL3_H
000008c6   CBCTL3_L
000008cc   CBINT
000008cd   CBINT_H
000008cc   CBINT_L
000008ce   CBIV
00000150   CRCDI
00000152   CRCDIRB
00000153   CRCDIRB_H
00000152   CRCDIRB_L
00000151   CRCDI_H
00000150   CRCDI_L
00000154   CRCINIRES
00000155   CRCINIRES_H
00000154   CRCINIRES_L
00000156   CRCRESR
00000157   CRCRESR_H
00000156   CRCRESR_L
00000510   DMA0CTL
00000511   DMA0CTL_H
00000510   DMA0CTL_L
00000516   DMA0DA
00000516   DMA0DAL
00000512   DMA0SA
00000512   DMA0SAL
0000051a   DMA0SZ
00000520   DMA1CTL
00000521   DMA1CTL_H
00000520   DMA1CTL_L
00000526   DMA1DA
00000526   DMA1DAL
00000522   DMA1SA
00000522   DMA1SAL
0000052a   DMA1SZ
00000530   DMA2CTL
00000531   DMA2CTL_H
00000530   DMA2CTL_L
00000536   DMA2DA
00000536   DMA2DAL
00000532   DMA2SA
00000532   DMA2SAL
0000053a   DMA2SZ
00000500   DMACTL0
00000501   DMACTL0_H
00000500   DMACTL0_L
00000502   DMACTL1
00000503   DMACTL1_H
00000502   DMACTL1_L
00000504   DMACTL2
00000505   DMACTL2_H
00000504   DMACTL2_L
00000506   DMACTL3
00000507   DMACTL3_H
00000506   DMACTL3_L
00000508   DMACTL4
00000509   DMACTL4_H
00000508   DMACTL4_L
0000050e   DMAIV
0000050f   DMAIV_H
0000050e   DMAIV_L
00000140   FCTL1
00000141   FCTL1_H
00000140   FCTL1_L
00000144   FCTL3
00000145   FCTL3_H
00000144   FCTL3_L
00000146   FCTL4
00000147   FCTL4_H
00000146   FCTL4_L
00000a04   LCDBBLKCTL
00000a05   LCDBBLKCTL_H
00000a04   LCDBBLKCTL_L
00000a12   LCDBCPCTL
00000a13   LCDBCPCTL_H
00000a12   LCDBCPCTL_L
00000a00   LCDBCTL0
00000a01   LCDBCTL0_H
00000a00   LCDBCTL0_L
00000a02   LCDBCTL1
00000a03   LCDBCTL1_H
00000a02   LCDBCTL1_L
00000a1e   LCDBIV
00000a40   LCDBM1
00000a49   LCDBM10
00000a4a   LCDBM11
00000a4b   LCDBM12
00000a4c   LCDBM13
00000a4d   LCDBM14
00000a4e   LCDBM15
00000a4f   LCDBM16
00000a50   LCDBM17
00000a51   LCDBM18
00000a52   LCDBM19
00000a41   LCDBM2
00000a53   LCDBM20
00000a54   LCDBM21
00000a55   LCDBM22
00000a56   LCDBM23
00000a57   LCDBM24
00000a42   LCDBM3
00000a43   LCDBM4
00000a44   LCDBM5
00000a45   LCDBM6
00000a46   LCDBM7
00000a47   LCDBM8
00000a48   LCDBM9
00000a06   LCDBMEMCTL
00000a07   LCDBMEMCTL_H
00000a06   LCDBMEMCTL_L
00000a0a   LCDBPCTL0
00000a0b   LCDBPCTL0_H
00000a0a   LCDBPCTL0_L
00000a0c   LCDBPCTL1
00000a0d   LCDBPCTL1_H
00000a0c   LCDBPCTL1_L
00000a0e   LCDBPCTL2
00000a0f   LCDBPCTL2_H
00000a0e   LCDBPCTL2_L
00000a10   LCDBPCTL3
00000a11   LCDBPCTL3_H
00000a10   LCDBPCTL3_L
00000a08   LCDBVCTL
00000a09   LCDBVCTL_H
00000a08   LCDBVCTL_L
00000a20   LCDM1
00000a29   LCDM10
00000a2a   LCDM11
00000a2b   LCDM12
00000a2c   LCDM13
00000a2d   LCDM14
00000a2e   LCDM15
00000a2f   LCDM16
00000a30   LCDM17
00000a31   LCDM18
00000a32   LCDM19
00000a21   LCDM2
00000a33   LCDM20
00000a34   LCDM21
00000a35   LCDM22
00000a36   LCDM23
00000a37   LCDM24
00000a22   LCDM3
00000a23   LCDM4
00000a24   LCDM5
00000a25   LCDM6
00000a26   LCDM7
00000a27   LCDM8
00000a28   LCDM9
0000f110   L_LSL
0000dd7a   L_LSL_1
0000dd56   L_LSL_10
0000dd52   L_LSL_11
0000dd4e   L_LSL_12
0000dd4a   L_LSL_13
0000dd46   L_LSL_14
0000dd42   L_LSL_15
0000dd76   L_LSL_2
0000dd72   L_LSL_3
0000dd6e   L_LSL_4
0000dd6a   L_LSL_5
0000dd66   L_LSL_6
0000dd62   L_LSL_7
0000dd5e   L_LSL_8
0000dd5a   L_LSL_9
0000f120   L_LSR
0000ddb8   L_LSR_1
0000dd94   L_LSR_10
0000dd90   L_LSR_11
0000dd8c   L_LSR_12
0000dd88   L_LSR_13
0000dd84   L_LSR_14
0000dd80   L_LSR_15
0000ddb4   L_LSR_2
0000ddb0   L_LSR_3
0000ddac   L_LSR_4
0000dda8   L_LSR_5
0000dda4   L_LSR_6
0000dda0   L_LSR_7
0000dd9c   L_LSR_8
0000dd98   L_LSR_9
000004c4   MAC
000004da   MAC32H
000004db   MAC32H_H
000004da   MAC32H_L
000004d8   MAC32L
000004d9   MAC32L_H
000004d8   MAC32L_L
000004c6   MACS
000004de   MACS32H
000004df   MACS32H_H
000004de   MACS32H_L
000004dc   MACS32L
000004dd   MACS32L_H
000004dc   MACS32L_L
000004c7   MACS_H
000004c6   MACS_L
000004c5   MAC_H
000004c4   MAC_L
000004c0   MPY
000004ec   MPY32CTL0
000004ed   MPY32CTL0_H
000004ec   MPY32CTL0_L
000004d2   MPY32H
000004d3   MPY32H_H
000004d2   MPY32H_L
000004d0   MPY32L
000004d1   MPY32L_H
000004d0   MPY32L_L
000004c2   MPYS
000004d6   MPYS32H
000004d7   MPYS32H_H
000004d6   MPYS32H_L
000004d4   MPYS32L
000004d5   MPYS32L_H
000004d4   MPYS32L_L
000004c3   MPYS_H
000004c2   MPYS_L
000004c1   MPY_H
000004c0   MPY_L
0000ede8   MRFI_DelayMs
0000ebd2   MRFI_EnableRxAddrFilter
0000f374   MRFI_GetRadioState
00009566   MRFI_Init
0000f1c0   MRFI_PostKillSem
0000ce8a   MRFI_RadioIsr
0000ee90   MRFI_RandomByte
0000f1cc   MRFI_Receive
0000de38   MRFI_ReplyDelay
0000eab2   MRFI_Rssi
0000ead2   MRFI_RxCompleteISR
0000eaf2   MRFI_RxIdle
0000eb12   MRFI_RxOn
0000e28a   MRFI_SetLogicalChannel
0000ed80   MRFI_SetRFPwr
0000e582   MRFI_SetRxAddrFilter
0000e93a   MRFI_Sleep
0000b57a   MRFI_Transmit
0000e9a6   MRFI_WakeUp
000004c8   OP2
000004e2   OP2H
000004e3   OP2H_H
000004e2   OP2H_L
000004e0   OP2L
000004e1   OP2L_H
000004e0   OP2L_L
000004c9   OP2_H
000004c8   OP2_L
0000020e   P1IV
000001c8   P1MAP01
000001c9   P1MAP01_H
000001c8   P1MAP01_L
000001ca   P1MAP23
000001cb   P1MAP23_H
000001ca   P1MAP23_L
000001cc   P1MAP45
000001cd   P1MAP45_H
000001cc   P1MAP45_L
000001ce   P1MAP67
000001cf   P1MAP67_H
000001ce   P1MAP67_L
0000021e   P2IV
000001d0   P2MAP01
000001d1   P2MAP01_H
000001d0   P2MAP01_L
000001d2   P2MAP23
000001d3   P2MAP23_H
000001d2   P2MAP23_L
000001d4   P2MAP45
000001d5   P2MAP45_H
000001d4   P2MAP45_L
000001d6   P2MAP67
000001d7   P2MAP67_H
000001d6   P2MAP67_L
000001d8   P3MAP01
000001d9   P3MAP01_H
000001d8   P3MAP01_L
000001da   P3MAP23
000001db   P3MAP23_H
000001da   P3MAP23_L
000001dc   P3MAP45
000001dd   P3MAP45_H
000001dc   P3MAP45_L
000001de   P3MAP67
000001df   P3MAP67_H
000001de   P3MAP67_L
00000204   PADIR
00000205   PADIR_H
00000204   PADIR_L
00000208   PADS
00000209   PADS_H
00000208   PADS_L
0000021a   PAIE
00000218   PAIES
00000219   PAIES_H
00000218   PAIES_L
0000021b   PAIE_H
0000021a   PAIE_L
0000021c   PAIFG
0000021d   PAIFG_H
0000021c   PAIFG_L
00000200   PAIN
00000201   PAIN_H
00000200   PAIN_L
00000202   PAOUT
00000203   PAOUT_H
00000202   PAOUT_L
00000206   PAREN
00000207   PAREN_H
00000206   PAREN_L
0000020a   PASEL
0000020b   PASEL_H
0000020a   PASEL_L
00000224   PBDIR
00000225   PBDIR_H
00000224   PBDIR_L
00000228   PBDS
00000229   PBDS_H
00000228   PBDS_L
00000220   PBIN
00000221   PBIN_H
00000220   PBIN_L
00000222   PBOUT
00000223   PBOUT_H
00000222   PBOUT_L
00000226   PBREN
00000227   PBREN_H
00000226   PBREN_L
0000022a   PBSEL
0000022b   PBSEL_H
0000022a   PBSEL_L
00000244   PCDIR
00000245   PCDIR_H
00000244   PCDIR_L
00000248   PCDS
00000249   PCDS_H
00000248   PCDS_L
00000240   PCIN
00000241   PCIN_H
00000240   PCIN_L
00000242   PCOUT
00000243   PCOUT_H
00000242   PCOUT_L
00000246   PCREN
00000247   PCREN_H
00000246   PCREN_L
0000024a   PCSEL
0000024b   PCSEL_H
0000024a   PCSEL_L
00000324   PJDIR
00000325   PJDIR_H
00000324   PJDIR_L
00000328   PJDS
00000329   PJDS_H
00000328   PJDS_L
00000320   PJIN
00000321   PJIN_H
00000320   PJIN_L
00000322   PJOUT
00000323   PJOUT_H
00000322   PJOUT_L
00000326   PJREN
00000327   PJREN_H
00000326   PJREN_L
000001c2   PMAPCTL
000001c3   PMAPCTL_H
000001c2   PMAPCTL_L
000001c0   PMAPKEYID
000001c1   PMAPKEYID_H
000001c0   PMAPKEYID_L
00000120   PMMCTL0
00000121   PMMCTL0_H
00000120   PMMCTL0_L
00000122   PMMCTL1
00000123   PMMCTL1_H
00000122   PMMCTL1_L
0000012c   PMMIFG
0000012d   PMMIFG_H
0000012c   PMMIFG_L
0000012e   PMMRIE
0000012f   PMMRIE_H
0000012e   PMMRIE_L
00008bda   PORT2_ISR
00000158   RCCTL0
00000159   RCCTL0_H
00000158   RCCTL0_L
000001b0   REFCTL0
000001b1   REFCTL0_H
000001b0   REFCTL0_L
000004e4   RES0
000004e5   RES0_H
000004e4   RES0_L
000004e6   RES1
000004e7   RES1_H
000004e6   RES1_L
000004e8   RES2
000004e9   RES2_H
000004e8   RES2_L
000004ea   RES3
000004eb   RES3_H
000004ea   RES3_L
000004cc   RESHI
000004cd   RESHI_H
000004cc   RESHI_L
000004ca   RESLO
000004cb   RESLO_H
000004ca   RESLO_L
00000f16   RF1ADINW
00000f17   RF1ADINW_H
00000f16   RF1ADINW_L
00000f28   RF1ADOUT0W
00000f29   RF1ADOUT0W_H
00000f28   RF1ADOUT0W_L
00000f2a   RF1ADOUT1W
00000f2b   RF1ADOUT1W_H
00000f2a   RF1ADOUT1W_L
00000f2c   RF1ADOUT2W
00000f2d   RF1ADOUT2W_H
00000f2c   RF1ADOUT2W_L
00000f36   RF1AIE
00000f34   RF1AIES
00000f35   RF1AIES_H
00000f34   RF1AIES_L
00000f37   RF1AIE_H
00000f36   RF1AIE_L
00000f00   RF1AIFCTL0
00000f01   RF1AIFCTL0_H
00000f00   RF1AIFCTL0_L
00000f02   RF1AIFCTL1
00000f03   RF1AIFCTL1_H
00000f02   RF1AIFCTL1_L
00000f04   RF1AIFCTL2
00000f05   RF1AIFCTL2_H
00000f04   RF1AIFCTL2_L
00000f06   RF1AIFERR
00000f0c   RF1AIFERRV
00000f0d   RF1AIFERRV_H
00000f0c   RF1AIFERRV_L
00000f07   RF1AIFERR_H
00000f06   RF1AIFERR_L
00000f32   RF1AIFG
00000f33   RF1AIFG_H
00000f32   RF1AIFG_L
00000f0e   RF1AIFIV
00000f0f   RF1AIFIV_H
00000f0e   RF1AIFIV_L
00000f30   RF1AIN
00000f12   RF1AINSTR1W
00000f13   RF1AINSTR1W_H
00000f12   RF1AINSTR1W_L
00000f14   RF1AINSTR2W
00000f15   RF1AINSTR2W_H
00000f14   RF1AINSTR2W_L
00000f10   RF1AINSTRW
00000f11   RF1AINSTRW_H
00000f10   RF1AINSTRW_L
00000f31   RF1AIN_H
00000f30   RF1AIN_L
00000f38   RF1AIV
00000f39   RF1AIV_H
00000f38   RF1AIV_L
00000f3c   RF1ARXFIFO
00000f3d   RF1ARXFIFO_H
00000f3c   RF1ARXFIFO_L
00000f20   RF1ASTAT0W
00000f21   RF1ASTAT0W_H
00000f20   RF1ASTAT0W_L
00000f22   RF1ASTAT1W
00000f23   RF1ASTAT1W_H
00000f22   RF1ASTAT1W_L
00000f24   RF1ASTAT2W
00000f25   RF1ASTAT2W_H
00000f24   RF1ASTAT2W_L
00000f3e   RF1ATXFIFO
00000f3f   RF1ATXFIFO_H
00000f3e   RF1ATXFIFO_L
000004ba   RTCADOWDAY
000004bb   RTCADOWDAY_H
000004ba   RTCADOWDAY_L
000004b8   RTCAMINHR
000004b9   RTCAMINHR_H
000004b8   RTCAMINHR_L
000004a0   RTCCTL01
000004a1   RTCCTL01_H
000004a0   RTCCTL01_L
000004a2   RTCCTL23
000004a3   RTCCTL23_H
000004a2   RTCCTL23_L
000004b4   RTCDATE
000004b5   RTCDATE_H
000004b4   RTCDATE_L
000004ae   RTCIV
000004ac   RTCPS
000004a8   RTCPS0CTL
000004a9   RTCPS0CTL_H
000004a8   RTCPS0CTL_L
000004aa   RTCPS1CTL
000004ab   RTCPS1CTL_H
000004aa   RTCPS1CTL_L
000004ad   RTCPS_H
000004ac   RTCPS_L
000004b0   RTCTIM0
000004b1   RTCTIM0_H
000004b0   RTCTIM0_L
000004b2   RTCTIM1
000004b3   RTCTIM1_H
000004b2   RTCTIM1_L
000004b6   RTCYEAR
000004b7   RTCYEAR_H
000004b6   RTCYEAR_L
0000f702   RandomValue_u8
0000d84c   ReadBurstReg
0000ee00   ReadSingleReg
00000100   SFRIE1
00000101   SFRIE1_H
00000100   SFRIE1_L
00000102   SFRIFG1
00000103   SFRIFG1_H
00000102   SFRIFG1_L
00000104   SFRRPCR
00000105   SFRRPCR_H
00000104   SFRRPCR_L
0000e188   SMPL_Init
0000a126   SMPL_Ioctl
0000f3aa   SMPL_Link
0000da36   SMPL_Receive
0000aa3c   SMPL_SendOpt
000004ce   SUMEXT
000004cf   SUMEXT_H
000004ce   SUMEXT_L
00000124   SVSMHCTL
00000125   SVSMHCTL_H
00000124   SVSMHCTL_L
00000128   SVSMIO
00000129   SVSMIO_H
00000128   SVSMIO_L
00000126   SVSMLCTL
00000127   SVSMLCTL_H
00000126   SVSMLCTL_L
00000198   SYSBERRIV
00000199   SYSBERRIV_H
00000198   SYSBERRIV_L
00000182   SYSBSLC
00000183   SYSBSLC_H
00000182   SYSBSLC_L
00000180   SYSCTL
00000181   SYSCTL_H
00000180   SYSCTL_L
00000186   SYSJMBC
00000187   SYSJMBC_H
00000186   SYSJMBC_L
00000188   SYSJMBI0
00000189   SYSJMBI0_H
00000188   SYSJMBI0_L
0000018a   SYSJMBI1
0000018b   SYSJMBI1_H
0000018a   SYSJMBI1_L
0000018c   SYSJMBO0
0000018d   SYSJMBO0_H
0000018c   SYSJMBO0_L
0000018e   SYSJMBO1
0000018f   SYSJMBO1_H
0000018e   SYSJMBO1_L
0000019e   SYSRSTIV
0000019f   SYSRSTIV_H
0000019e   SYSRSTIV_L
0000019c   SYSSNIV
0000019d   SYSSNIV_H
0000019c   SYSSNIV_L
0000019a   SYSUNIV
0000019b   SYSUNIV_H
0000019a   SYSUNIV_L
0000e79a   SetVCore
0000e7c0   SetVCoreDown
0000d892   SetVCoreUp
0000be82   Strobe
00000352   TA0CCR0
00000354   TA0CCR1
00000356   TA0CCR2
00000358   TA0CCR3
0000035a   TA0CCR4
00000342   TA0CCTL0
00000344   TA0CCTL1
00000346   TA0CCTL2
00000348   TA0CCTL3
0000034a   TA0CCTL4
00000340   TA0CTL
00000360   TA0EX0
0000036e   TA0IV
00000350   TA0R
00000392   TA1CCR0
00000394   TA1CCR1
00000396   TA1CCR2
00000382   TA1CCTL0
00000384   TA1CCTL1
00000386   TA1CCTL2
00000380   TA1CTL
000003a0   TA1EX0
000003ae   TA1IV
00000390   TA1R
0000851e   TIMER0_A0_ISR
0000c53e   TIMER0_A1_5_ISR
0000e600   Timer0_A3_Start
0000f338   Timer0_A3_Stop
0000ceec   Timer0_A4_Delay
0000ef40   Timer0_Init
0000f340   Timer0_Start
0000f1d8   Timer0_Stop
000005d0   UCA0ABCTL
000005c6   UCA0BRW
000005c7   UCA0BRW_H
000005c6   UCA0BRW_L
000005c0   UCA0CTLW0
000005c1   UCA0CTLW0_H
000005c0   UCA0CTLW0_L
000005dc   UCA0ICTL
000005dd   UCA0ICTL_H
000005dc   UCA0ICTL_L
000005d2   UCA0IRCTL
000005d3   UCA0IRCTL_H
000005d2   UCA0IRCTL_L
000005de   UCA0IV
000005c8   UCA0MCTL
000005cc   UCA0RXBUF
000005ca   UCA0STAT
000005ce   UCA0TXBUF
000005e6   UCB0BRW
000005e7   UCB0BRW_H
000005e6   UCB0BRW_L
000005e0   UCB0CTLW0
000005e1   UCB0CTLW0_H
000005e0   UCB0CTLW0_L
000005f0   UCB0I2COA
000005f1   UCB0I2COA_H
000005f0   UCB0I2COA_L
000005f2   UCB0I2CSA
000005f3   UCB0I2CSA_H
000005f2   UCB0I2CSA_L
000005fc   UCB0ICTL
000005fd   UCB0ICTL_H
000005fc   UCB0ICTL_L
000005fe   UCB0IV
000005ec   UCB0RXBUF
000005ea   UCB0STAT
000005ee   UCB0TXBUF
00000160   UCSCTL0
00000161   UCSCTL0_H
00000160   UCSCTL0_L
00000162   UCSCTL1
00000163   UCSCTL1_H
00000162   UCSCTL1_L
00000164   UCSCTL2
00000165   UCSCTL2_H
00000164   UCSCTL2_L
00000166   UCSCTL3
00000167   UCSCTL3_H
00000166   UCSCTL3_L
00000168   UCSCTL4
00000169   UCSCTL4_H
00000168   UCSCTL4_L
0000016a   UCSCTL5
0000016b   UCSCTL5_H
0000016a   UCSCTL5_L
0000016c   UCSCTL6
0000016d   UCSCTL6_H
0000016c   UCSCTL6_L
0000016e   UCSCTL7
0000016f   UCSCTL7_H
0000016e   UCSCTL7_L
00000170   UCSCTL8
00000171   UCSCTL8_H
00000170   UCSCTL8_L
0000015c   WDTCTL
0000015d   WDTCTL_H
0000015c   WDTCTL_L
0000d8d8   WriteBurstReg
0000cbbc   WritePATable
0000df62   WriteSingleReg
00002bfc   __STACK_END
00000050   __STACK_SIZE
00000001   __TI_args_main
00000001   __TI_auto_init
00000001   __TI_exit
ffffffff   __binit__
00001c00   __bss__
ffffffff   __c_args__
0000f9e0   __cinit__
0000e52c   __divi
0000dc46   __divli
0000eefe   __divu
0000d282   __divul
00001eef   __end__
0000f3d4   __etext__
00009ed6   __fs_add
0000d698   __fs_cmp
0000c28c   __fs_div
0000e0ea   __fs_itof
0000b942   __fs_mpy
00009ed0   __fs_sub
0000d9aa   __fs_tou
0000d64c   __fs_toul
0000e384   __fs_ultof
0000e982   __fs_utof
0000ef14   __mpyi_f5hw
0000ea2e   __mpyl_f5hw
ffffffff   __pinit__
0000e52c   __remi
0000dc46   __remli
0000eefe   __remu
0000d282   __remul
00008000   __text__
0000d774   _auto_init
0000e62a   _c_int00
0000e62a   _c_int00_noexit
00001eb4   _cleanup_ptr
00001eb8   _dtors_ptr
00001eac   _lock
0000f3ca   _nop
0000fffe   _reset_vector
00002bac   _stack
0000f3ae   _system_pre_init
00001eb0   _unlock
0000f3b2   abort
0000f160   acceleration_value_is_positive
00001eee   adc12_data_ready
00001eec   adc12_result
0000cc24   adc12_single_conversion
0000d51c   add_day
0000e654   as_get_data
0000e4a6   as_init
00001ec3   as_ok
0000cae6   as_read_register
0000c644   as_start
0000e2bc   as_stop
0000ccf4   as_write_register
0000c8b0   battery_measurement
ffffffff   binit
00001ec8   brrx_packet_end_cap_value
00001d1c   burst_end
00001d18   burst_mode
00001d1e   burst_packet
00001d30   burst_packet_index
00001d1a   burst_start
00001e76   button
0000d568   button_repeat_function
0000f2c4   button_repeat_off
0000eebc   button_repeat_on
0000ec86   check_alarm
0000f9e0   cinit
0000f37a   clear_blink_mem
0000f1e4   clear_display
0000eca2   clear_display_all
0000d120   clear_line
0000d0c4   clock_tick
0000f100   close_radio
00008000   conv_pa_to_meter
0000ee18   convert_C_to_F
0000f01a   convert_F_to_C
0000d5b4   convert_acceleration_value_to_mgrav
0000ecbe   convert_ft_to_m
0000ee30   convert_hour_to_12H_format
0000ecda   convert_m_to_ft
0000ef54   countdown_buzzer
00001c8c   display
00009d9e   display_acceleration
0000b640   display_alarm
0000ef68   display_all_off
0000ee48   display_all_on
0000ac18   display_altitude
0000ecf6   display_am_pm_symbol
0000cfac   display_battery_V
0000f16e   display_caldist
0000d330   display_calories
0000c924   display_char
0000b174   display_chars
0000b3e8   display_date
0000b098   display_distance
0000cd5a   display_heartrate
0000d91e   display_hours
0000ef7c   display_ppt
0000ef90   display_rf
0000e67e   display_rfbsl
0000eed2   display_selection_Timeformat1
0000eee8   display_selection_User_Gender
0000afba   display_speed
0000a000   display_stopwatch
0000ec2c   display_symbol
0000efa4   display_sync
0000adf0   display_temperature
000096fe   display_time
00009c58   display_update
0000e9c8   display_value
0000f1f0   do_acceleration_measurement
0000bcaa   do_altitude_measurement
0000f3cc   dummy
00001eef   end
0000f3d4   etext
00001ebc   fptr_Timer0_A3_function
00001e0c   fptr_lcd_function_line1
00001e14   fptr_lcd_function_line2
0000c0dc   get_bluerobin_data
0000c5c2   get_numberOfDays
0000f94c   h0
0000f208   idle_loop
0000b4b2   init_application
0000e80c   init_buttons
0000ca78   init_global_variables
0000e832   init_pressure_table
0000b704   int_to_array
0000f3d4   int_to_array_conversion_table
00001ce2   int_to_array_str
0000f02c   is_acceleration_measurement
0000f03e   is_altitude_measurement
0000f214   is_bluerobin
0000f220   is_bluerobin_searching
0000f17c   is_hour_am
0000f22c   is_rf
0000efcc   is_stopwatch
0000f238   is_temp_measurement
0000f8ce   lcd_font
0000e6a8   lcd_init
0000e07e   main
0000e9ea   memcmp
0000f050   memcpy
0000eb32   memmove
0000efe0   memset
0000f672   menu_L1_Acceleration
0000f618   menu_L1_Alarm
0000f63c   menu_L1_Altitude
0000f64e   menu_L1_Heartrate
0000f660   menu_L1_Speed
0000f62a   menu_L1_Temperature
0000f606   menu_L1_Time
0000f696   menu_L2_Battery
0000f6de   menu_L2_CalDist
0000f684   menu_L2_Date
0000f6ba   menu_L2_Ppt
0000f6f0   menu_L2_RFBSL
0000f6a8   menu_L2_Rf
0000f5f4   menu_L2_Stopwatch
0000f6cc   menu_L2_Sync
00001e12   message
00001db4   method
0000f9a8   mgrav_per_bit
0000f9d4   mrfiBroadcastAddr
0000f88e   mrfiRadioCfg
0000c16c   mrfiRadioInterfaceCmdStrobe
0000d964   mrfiRadioInterfaceReadReg
0000ce26   mrfiRadioInterfaceReadRxFifo
0000e1f0   mrfiRadioInterfaceWriteReg
0000e224   mrfiRadioInterfaceWriteTxFifo
0000a666   mx_alarm
0000ad04   mx_altitude
0000f380   mx_bluerobin
00008fcc   mx_caldist
000091b0   mx_date
0000f18a   mx_stopwatch
0000a466   mx_temperature
00008dd8   mx_time
0000f3b6   nwk_NVObj
0000ed12   nwk_QInit
0000e500   nwk_QadjustOrder
0000ab2a   nwk_QfindOldest
0000c83a   nwk_QfindSlot
0000b248   nwk_allocateLocalRxPort
0000ea0c   nwk_buildAckReqFrame
0000c1fc   nwk_buildFrame
0000e858   nwk_checkConnInfo
0000eb52   nwk_connectionControl
0000e2ee   nwk_deviceAddress
0000de74   nwk_findPeer
0000ec4a   nwk_frameInit
0000f386   nwk_freeConnection
0000f3ce   nwk_freqInit
0000f38c   nwk_getBCastAddress
0000e6fa   nwk_getConnInfo
0000f392   nwk_getFWVersion
0000f062   nwk_getJoinToken
0000f074   nwk_getLinkToken
0000f086   nwk_getMyAddress
0000f398   nwk_getMyRxType
0000ddbe   nwk_getNextConnection
0000f244   nwk_getNumObjectFromMsg
0000f3ba   nwk_getProtocolVersion
0000e87e   nwk_globalsInit
0000c3a6   nwk_isConnectionValid
0000deb0   nwk_isLinkDuplicate
0000dbc6   nwk_isValidReply
0000a75e   nwk_join
0000e8a4   nwk_joinInit
000099bc   nwk_link
0000e3e8   nwk_linkInit
0000f2ce   nwk_mgmtInit
0000c048   nwk_nwkInit
0000f2d8   nwk_pingInit
0000f3be   nwk_processFreq
0000ed2e   nwk_processJoin
0000e8ca   nwk_processLink
0000df9c   nwk_processMgmt
0000e722   nwk_processPing
0000f3c2   nwk_processSecurity
0000e0b4   nwk_putNumObjectIntoMsg
0000bde6   nwk_radioControl
0000e418   nwk_rawReceive
0000d42a   nwk_rawSend
0000bc08   nwk_retrieveFrame
0000f3d0   nwk_securityInit
0000c6c4   nwk_sendAckReply
0000e448   nwk_sendFrame
0000f250   nwk_setAPAddress
0000f098   nwk_setJoinToken
0000f0aa   nwk_setLinkToken
0000ec68   nwk_setMyAddress
0000f0bc   open_radio
00001d32   p
0000f96e   p0
ffffffff   pinit
0000da7a   process_requests
0000cdc0   ps_get_pa
0000d600   ps_get_temp
0000c7c2   ps_init
00001d76   ps_ok
0000c996   ps_read_register
0000f25c   ps_start
0000f2e2   ps_stop
0000d47c   ps_twi_read
0000bf1a   ps_twi_sda
0000db44   ps_twi_write
0000d22a   ps_write_register
00001ee6   ptrMenu_L1
00001ee4   ptrMenu_L2
0000e00e   radio_ISR
0000f130   radio_powerdown
0000e320   radio_reset
0000b7c8   read_calibration_values
00001e0a   request
0000f198   reset_acceleration
0000ee60   reset_alarm
0000dc06   reset_altitude_measurement
0000f0ce   reset_batt_measurement
0000e352   reset_bluerobin
0000f2ec   reset_buzzer
0000eb72   reset_clock
0000eff4   reset_date
0000f2f6   reset_rf
0000eb92   reset_stopwatch
0000f300   reset_temp_measurement
00001edb   rfBSL_button_confirmation
00001e10   rf_frequoffset
00001e6c   sAccel
00001ee0   sAlarm
00001e18   sAlt
00001e9c   sBatt
00001dee   sBlueRobin
00001e78   sButton
00001ea4   sBuzzer
00001eca   sDate
00001e89   sInit_done
00001cea   sRFsmpl
00001e34   sStopwatch
00001ed0   sTemp
00001e26   sTime
00001ec0   sTimer
0000f8fa   segments_bitmask
00001c8e   segments_lcdmem
0000f9c0   selection_Timeformat
0000f9c8   selection_User_Gender
0000f1a6   set_blink_rate
000089bc   set_value
00001cf2   simpliciti_data
00001d12   simpliciti_ed_address
00001cf0   simpliciti_flag
0000bb64   simpliciti_get_ed_data_callback
0000b9f8   simpliciti_link
0000baae   simpliciti_main_sync
0000d9f0   simpliciti_main_tx_only
00001d16   simpliciti_payload_length
00001d17   simpliciti_reply_count
00009b0e   simpliciti_sync_decode_ap_cmd_callback
0000aed6   simpliciti_sync_get_data_callback
0000dc86   start_altitude_measurement
0000f39e   start_blink
0000d7bc   start_buzzer
0000bd48   start_simpliciti_sync
0000b31c   start_simpliciti_tx_only
0000ea50   start_stopwatch
0000f348   stop_alarm
0000ed4a   stop_altitude_measurement
0000f3a4   stop_blink
0000d804   stop_bluerobin
0000ebb2   stop_buzzer
0000edb4   stop_stopwatch
0000a94c   stopwatch_tick
0000f268   switch_seg
0000ee78   sx_acceleration
0000e3b6   sx_alarm
0000f3d2   sx_altitude
0000a566   sx_bluerobin
0000edce   sx_caldist
0000f140   sx_date
0000e74a   sx_ppt
0000e772   sx_rf
0000d384   sx_rfbsl
0000ef2a   sx_stopwatch
0000e8f0   sx_sync
0000f150   sx_time
00001e08   sys
0000bfb2   temperature_measurement
00008784   test_mode
0000f30a   to_lpm
0000d6e2   toggle_buzzer
0000f3c6   twi_delay
0000f274   update_acceleration
0000f280   update_alarm
0000f28c   update_battery_voltage
0000f314   update_date
0000938e   update_pressure_table
0000f298   update_stopwatch
0000deec   update_stopwatch_timer
0000f2a4   update_temperature
0000f31e   update_time
0000a244   wakeup_event
0000d00a   write_lcd_mem


GLOBAL SYMBOLS: SORTED BY Symbol Address 

address    name
--------   ----
00000001   __TI_args_main
00000001   __TI_auto_init
00000001   __TI_exit
00000050   __STACK_SIZE
00000100   SFRIE1
00000100   SFRIE1_L
00000101   SFRIE1_H
00000102   SFRIFG1
00000102   SFRIFG1_L
00000103   SFRIFG1_H
00000104   SFRRPCR
00000104   SFRRPCR_L
00000105   SFRRPCR_H
00000120   PMMCTL0
00000120   PMMCTL0_L
00000121   PMMCTL0_H
00000122   PMMCTL1
00000122   PMMCTL1_L
00000123   PMMCTL1_H
00000124   SVSMHCTL
00000124   SVSMHCTL_L
00000125   SVSMHCTL_H
00000126   SVSMLCTL
00000126   SVSMLCTL_L
00000127   SVSMLCTL_H
00000128   SVSMIO
00000128   SVSMIO_L
00000129   SVSMIO_H
0000012c   PMMIFG
0000012c   PMMIFG_L
0000012d   PMMIFG_H
0000012e   PMMRIE
0000012e   PMMRIE_L
0000012f   PMMRIE_H
00000140   FCTL1
00000140   FCTL1_L
00000141   FCTL1_H
00000144   FCTL3
00000144   FCTL3_L
00000145   FCTL3_H
00000146   FCTL4
00000146   FCTL4_L
00000147   FCTL4_H
00000150   CRCDI
00000150   CRCDI_L
00000151   CRCDI_H
00000152   CRCDIRB
00000152   CRCDIRB_L
00000153   CRCDIRB_H
00000154   CRCINIRES
00000154   CRCINIRES_L
00000155   CRCINIRES_H
00000156   CRCRESR
00000156   CRCRESR_L
00000157   CRCRESR_H
00000158   RCCTL0
00000158   RCCTL0_L
00000159   RCCTL0_H
0000015c   WDTCTL
0000015c   WDTCTL_L
0000015d   WDTCTL_H
00000160   UCSCTL0
00000160   UCSCTL0_L
00000161   UCSCTL0_H
00000162   UCSCTL1
00000162   UCSCTL1_L
00000163   UCSCTL1_H
00000164   UCSCTL2
00000164   UCSCTL2_L
00000165   UCSCTL2_H
00000166   UCSCTL3
00000166   UCSCTL3_L
00000167   UCSCTL3_H
00000168   UCSCTL4
00000168   UCSCTL4_L
00000169   UCSCTL4_H
0000016a   UCSCTL5
0000016a   UCSCTL5_L
0000016b   UCSCTL5_H
0000016c   UCSCTL6
0000016c   UCSCTL6_L
0000016d   UCSCTL6_H
0000016e   UCSCTL7
0000016e   UCSCTL7_L
0000016f   UCSCTL7_H
00000170   UCSCTL8
00000170   UCSCTL8_L
00000171   UCSCTL8_H
00000180   SYSCTL
00000180   SYSCTL_L
00000181   SYSCTL_H
00000182   SYSBSLC
00000182   SYSBSLC_L
00000183   SYSBSLC_H
00000186   SYSJMBC
00000186   SYSJMBC_L
00000187   SYSJMBC_H
00000188   SYSJMBI0
00000188   SYSJMBI0_L
00000189   SYSJMBI0_H
0000018a   SYSJMBI1
0000018a   SYSJMBI1_L
0000018b   SYSJMBI1_H
0000018c   SYSJMBO0
0000018c   SYSJMBO0_L
0000018d   SYSJMBO0_H
0000018e   SYSJMBO1
0000018e   SYSJMBO1_L
0000018f   SYSJMBO1_H
00000198   SYSBERRIV
00000198   SYSBERRIV_L
00000199   SYSBERRIV_H
0000019a   SYSUNIV
0000019a   SYSUNIV_L
0000019b   SYSUNIV_H
0000019c   SYSSNIV
0000019c   SYSSNIV_L
0000019d   SYSSNIV_H
0000019e   SYSRSTIV
0000019e   SYSRSTIV_L
0000019f   SYSRSTIV_H
000001b0   REFCTL0
000001b0   REFCTL0_L
000001b1   REFCTL0_H
000001c0   PMAPKEYID
000001c0   PMAPKEYID_L
000001c1   PMAPKEYID_H
000001c2   PMAPCTL
000001c2   PMAPCTL_L
000001c3   PMAPCTL_H
000001c8   P1MAP01
000001c8   P1MAP01_L
000001c9   P1MAP01_H
000001ca   P1MAP23
000001ca   P1MAP23_L
000001cb   P1MAP23_H
000001cc   P1MAP45
000001cc   P1MAP45_L
000001cd   P1MAP45_H
000001ce   P1MAP67
000001ce   P1MAP67_L
000001cf   P1MAP67_H
000001d0   P2MAP01
000001d0   P2MAP01_L
000001d1   P2MAP01_H
000001d2   P2MAP23
000001d2   P2MAP23_L
000001d3   P2MAP23_H
000001d4   P2MAP45
000001d4   P2MAP45_L
000001d5   P2MAP45_H
000001d6   P2MAP67
000001d6   P2MAP67_L
000001d7   P2MAP67_H
000001d8   P3MAP01
000001d8   P3MAP01_L
000001d9   P3MAP01_H
000001da   P3MAP23
000001da   P3MAP23_L
000001db   P3MAP23_H
000001dc   P3MAP45
000001dc   P3MAP45_L
000001dd   P3MAP45_H
000001de   P3MAP67
000001de   P3MAP67_L
000001df   P3MAP67_H
00000200   PAIN
00000200   PAIN_L
00000201   PAIN_H
00000202   PAOUT
00000202   PAOUT_L
00000203   PAOUT_H
00000204   PADIR
00000204   PADIR_L
00000205   PADIR_H
00000206   PAREN
00000206   PAREN_L
00000207   PAREN_H
00000208   PADS
00000208   PADS_L
00000209   PADS_H
0000020a   PASEL
0000020a   PASEL_L
0000020b   PASEL_H
0000020e   P1IV
00000218   PAIES
00000218   PAIES_L
00000219   PAIES_H
0000021a   PAIE
0000021a   PAIE_L
0000021b   PAIE_H
0000021c   PAIFG
0000021c   PAIFG_L
0000021d   PAIFG_H
0000021e   P2IV
00000220   PBIN
00000220   PBIN_L
00000221   PBIN_H
00000222   PBOUT
00000222   PBOUT_L
00000223   PBOUT_H
00000224   PBDIR
00000224   PBDIR_L
00000225   PBDIR_H
00000226   PBREN
00000226   PBREN_L
00000227   PBREN_H
00000228   PBDS
00000228   PBDS_L
00000229   PBDS_H
0000022a   PBSEL
0000022a   PBSEL_L
0000022b   PBSEL_H
00000240   PCIN
[...]
000004d3   MPY32H_H
000004d4   MPYS32L
000004d4   MPYS32L_L
000004d5   MPYS32L_H
000004d6   MPYS32H
000004d6   MPYS32H_L
000004d7   MPYS32H_H
000004d8   MAC32L
000004d8   MAC32L_L
000004d9   MAC32L_H
000004da   MAC32H
000004da   MAC32H_L
000004db   MAC32H_H
000004dc   MACS32L
000004dc   MACS32L_L
000004dd   MACS32L_H
000004de   MACS32H
000004de   MACS32H_L
000004df   MACS32H_H
000004e0   OP2L
000004e0   OP2L_L
000004e1   OP2L_H
000004e2   OP2H
000004e2   OP2H_L
000004e3   OP2H_H
000004e4   RES0
000004e4   RES0_L
000004e5   RES0_H
000004e6   RES1
000004e6   RES1_L
000004e7   RES1_H
000004e8   RES2
000004e8   RES2_L
000004e9   RES2_H
000004ea   RES3
000004ea   RES3_L
000004eb   RES3_H
000004ec   MPY32CTL0
000004ec   MPY32CTL0_L
000004ed   MPY32CTL0_H
00000500   DMACTL0
00000500   DMACTL0_L
00000501   DMACTL0_H
00000502   DMACTL1
00000502   DMACTL1_L
00000503   DMACTL1_H
00000504   DMACTL2
00000504   DMACTL2_L
00000505   DMACTL2_H
00000506   DMACTL3
00000506   DMACTL3_L
00000507   DMACTL3_H
00000508   DMACTL4
00000508   DMACTL4_L
00000509   DMACTL4_H
0000050e   DMAIV
0000050e   DMAIV_L
0000050f   DMAIV_H
00000510   DMA0CTL
00000510   DMA0CTL_L
00000511   DMA0CTL_H
00000512   DMA0SA
00000512   DMA0SAL
00000516   DMA0DA
00000516   DMA0DAL
0000051a   DMA0SZ
00000520   DMA1CTL
00000520   DMA1CTL_L
00000521   DMA1CTL_H
00000522   DMA1SA
00000522   DMA1SAL
00000526   DMA1DA
00000526   DMA1DAL
0000052a   DMA1SZ
00000530   DMA2CTL
00000530   DMA2CTL_L
00000531   DMA2CTL_H
00000532   DMA2SA
00000532   DMA2SAL
00000536   DMA2DA
00000536   DMA2DAL
0000053a   DMA2SZ
000005c0   UCA0CTLW0
000005c0   UCA0CTLW0_L
000005c1   UCA0CTLW0_H
000005c6   UCA0BRW
000005c6   UCA0BRW_L
000005c7   UCA0BRW_H
000005c8   UCA0MCTL
000005ca   UCA0STAT
000005cc   UCA0RXBUF
000005ce   UCA0TXBUF
000005d0   UCA0ABCTL
000005d2   UCA0IRCTL
000005d2   UCA0IRCTL_L
000005d3   UCA0IRCTL_H
000005dc   UCA0ICTL
000005dc   UCA0ICTL_L
000005dd   UCA0ICTL_H
000005de   UCA0IV
000005e0   UCB0CTLW0
000005e0   UCB0CTLW0_L
000005e1   UCB0CTLW0_H
000005e6   UCB0BRW
000005e6   UCB0BRW_L
000005e7   UCB0BRW_H
000005ea   UCB0STAT
000005ec   UCB0RXBUF
000005ee   UCB0TXBUF
000005f0   UCB0I2COA
000005f0   UCB0I2COA_L
000005f1   UCB0I2COA_H
000005f2   UCB0I2CSA
000005f2   UCB0I2CSA_L
000005f3   UCB0I2CSA_H
000005fc   UCB0ICTL
000005fc   UCB0ICTL_L
000005fd   UCB0ICTL_H
000005fe   UCB0IV
00000700   ADC12CTL0
00000700   ADC12CTL0_L
00000701   ADC12CTL0_H
00000702   ADC12CTL1
00000702   ADC12CTL1_L
00000703   ADC12CTL1_H
00000704   ADC12CTL2
00000704   ADC12CTL2_L
00000705   ADC12CTL2_H
0000070a   ADC12IFG
0000070a   ADC12IFG_L
0000070b   ADC12IFG_H
0000070c   ADC12IE
0000070c   ADC12IE_L
0000070d   ADC12IE_H
0000070e   ADC12IV
0000070e   ADC12IV_L
0000070f   ADC12IV_H
00000710   ADC12MCTL0
00000711   ADC12MCTL1
00000712   ADC12MCTL2
00000713   ADC12MCTL3
00000714   ADC12MCTL4
00000715   ADC12MCTL5
00000716   ADC12MCTL6
00000717   ADC12MCTL7
00000718   ADC12MCTL8
00000719   ADC12MCTL9
0000071a   ADC12MCTL10
0000071b   ADC12MCTL11
0000071c   ADC12MCTL12
0000071d   ADC12MCTL13
0000071e   ADC12MCTL14
0000071f   ADC12MCTL15
00000720   ADC12MEM0
00000720   ADC12MEM0_L
00000721   ADC12MEM0_H
00000722   ADC12MEM1
00000722   ADC12MEM1_L
00000723   ADC12MEM1_H
00000724   ADC12MEM2
00000724   ADC12MEM2_L
00000725   ADC12MEM2_H
00000726   ADC12MEM3
00000726   ADC12MEM3_L
00000727   ADC12MEM3_H
00000728   ADC12MEM4
00000728   ADC12MEM4_L
00000729   ADC12MEM4_H
0000072a   ADC12MEM5
0000072a   ADC12MEM5_L
0000072b   ADC12MEM5_H
0000072c   ADC12MEM6
0000072c   ADC12MEM6_L
0000072d   ADC12MEM6_H
0000072e   ADC12MEM7
0000072e   ADC12MEM7_L
0000072f   ADC12MEM7_H
00000730   ADC12MEM8
00000730   ADC12MEM8_L
00000731   ADC12MEM8_H
00000732   ADC12MEM9
00000732   ADC12MEM9_L
00000733   ADC12MEM9_H
00000734   ADC12MEM10
00000734   ADC12MEM10_L
00000735   ADC12MEM10_H
00000736   ADC12MEM11
00000736   ADC12MEM11_L
00000737   ADC12MEM11_H
00000738   ADC12MEM12
00000738   ADC12MEM12_L
00000739   ADC12MEM12_H
0000073a   ADC12MEM13
0000073a   ADC12MEM13_L
0000073b   ADC12MEM13_H
0000073c   ADC12MEM14
0000073c   ADC12MEM14_L
0000073d   ADC12MEM14_H
0000073e   ADC12MEM15
0000073e   ADC12MEM15_L
0000073f   ADC12MEM15_H
000008c0   CBCTL0
000008c0   CBCTL0_L
000008c1   CBCTL0_H
000008c2   CBCTL1
000008c2   CBCTL1_L
000008c3   CBCTL1_H
000008c4   CBCTL2
000008c4   CBCTL2_L
000008c5   CBCTL2_H
000008c6   CBCTL3
000008c6   CBCTL3_L
000008c7   CBCTL3_H
000008cc   CBINT
000008cc   CBINT_L
000008cd   CBINT_H
000008ce   CBIV
000009c0   AESACTL0
000009c0   AESACTL0_L
000009c1   AESACTL0_H
000009c4   AESASTAT
000009c4   AESASTAT_L
000009c5   AESASTAT_H
000009c6   AESAKEY
000009c6   AESAKEY_L
000009c7   AESAKEY_H
000009c8   AESADIN
000009c8   AESADIN_L
000009c9   AESADIN_H
000009ca   AESADOUT
000009ca   AESADOUT_L
000009cb   AESADOUT_H
00000a00   LCDBCTL0
00000a00   LCDBCTL0_L
00000a01   LCDBCTL0_H
00000a02   LCDBCTL1
00000a02   LCDBCTL1_L
00000a03   LCDBCTL1_H
00000a04   LCDBBLKCTL
00000a04   LCDBBLKCTL_L
00000a05   LCDBBLKCTL_H
00000a06   LCDBMEMCTL
00000a06   LCDBMEMCTL_L
00000a07   LCDBMEMCTL_H
00000a08   LCDBVCTL
00000a08   LCDBVCTL_L
00000a09   LCDBVCTL_H
00000a0a   LCDBPCTL0
00000a0a   LCDBPCTL0_L
00000a0b   LCDBPCTL0_H
00000a0c   LCDBPCTL1
00000a0c   LCDBPCTL1_L
00000a0d   LCDBPCTL1_H
00000a0e   LCDBPCTL2
00000a0e   LCDBPCTL2_L
00000a0f   LCDBPCTL2_H
00000a10   LCDBPCTL3
00000a10   LCDBPCTL3_L
00000a11   LCDBPCTL3_H
00000a12   LCDBCPCTL
00000a12   LCDBCPCTL_L
00000a13   LCDBCPCTL_H
00000a1e   LCDBIV
00000a20   LCDM1
00000a21   LCDM2
00000a22   LCDM3
00000a23   LCDM4
00000a24   LCDM5
00000a25   LCDM6
00000a26   LCDM7
00000a27   LCDM8
00000a28   LCDM9
00000a29   LCDM10
00000a2a   LCDM11
00000a2b   LCDM12
00000a2c   LCDM13
00000a2d   LCDM14
00000a2e   LCDM15
00000a2f   LCDM16
00000a30   LCDM17
00000a31   LCDM18
00000a32   LCDM19
00000a33   LCDM20
00000a34   LCDM21
00000a35   LCDM22
00000a36   LCDM23
00000a37   LCDM24
00000a40   LCDBM1
00000a41   LCDBM2
00000a42   LCDBM3
00000a43   LCDBM4
00000a44   LCDBM5
00000a45   LCDBM6
00000a46   LCDBM7
00000a47   LCDBM8
00000a48   LCDBM9
00000a49   LCDBM10
00000a4a   LCDBM11
00000a4b   LCDBM12
00000a4c   LCDBM13
00000a4d   LCDBM14
00000a4e   LCDBM15
00000a4f   LCDBM16
00000a50   LCDBM17
00000a51   LCDBM18
00000a52   LCDBM19
00000a53   LCDBM20
00000a54   LCDBM21
00000a55   LCDBM22
00000a56   LCDBM23
00000a57   LCDBM24
00000f00   RF1AIFCTL0
00000f00   RF1AIFCTL0_L
00000f01   RF1AIFCTL0_H
00000f02   RF1AIFCTL1
00000f02   RF1AIFCTL1_L
00000f03   RF1AIFCTL1_H
00000f04   RF1AIFCTL2
00000f04   RF1AIFCTL2_L
00000f05   RF1AIFCTL2_H
00000f06   RF1AIFERR
00000f06   RF1AIFERR_L
00000f07   RF1AIFERR_H
00000f0c   RF1AIFERRV
00000f0c   RF1AIFERRV_L
00000f0d   RF1AIFERRV_H
00000f0e   RF1AIFIV
00000f0e   RF1AIFIV_L
00000f0f   RF1AIFIV_H
00000f10   RF1AINSTRW
00000f10   RF1AINSTRW_L
00000f11   RF1AINSTRW_H
00000f12   RF1AINSTR1W
00000f12   RF1AINSTR1W_L
00000f13   RF1AINSTR1W_H
00000f14   RF1AINSTR2W
00000f14   RF1AINSTR2W_L
00000f15   RF1AINSTR2W_H
00000f16   RF1ADINW
00000f16   RF1ADINW_L
00000f17   RF1ADINW_H
00000f20   RF1ASTAT0W
00000f20   RF1ASTAT0W_L
00000f21   RF1ASTAT0W_H
00000f22   RF1ASTAT1W
00000f22   RF1ASTAT1W_L
00000f23   RF1ASTAT1W_H
00000f24   RF1ASTAT2W
00000f24   RF1ASTAT2W_L
00000f25   RF1ASTAT2W_H
00000f28   RF1ADOUT0W
00000f28   RF1ADOUT0W_L
00000f29   RF1ADOUT0W_H
00000f2a   RF1ADOUT1W
00000f2a   RF1ADOUT1W_L
00000f2b   RF1ADOUT1W_H
00000f2c   RF1ADOUT2W
00000f2c   RF1ADOUT2W_L
00000f2d   RF1ADOUT2W_H
00000f30   RF1AIN
00000f30   RF1AIN_L
00000f31   RF1AIN_H
00000f32   RF1AIFG
00000f32   RF1AIFG_L
00000f33   RF1AIFG_H
00000f34   RF1AIES
00000f34   RF1AIES_L
00000f35   RF1AIES_H
00000f36   RF1AIE
00000f36   RF1AIE_L
00000f37   RF1AIE_H
00000f38   RF1AIV
00000f38   RF1AIV_L
00000f39   RF1AIV_H
00000f3c   RF1ARXFIFO
00000f3c   RF1ARXFIFO_L
00000f3d   RF1ARXFIFO_H
00000f3e   RF1ATXFIFO
00000f3e   RF1ATXFIFO_L
00000f3f   RF1ATXFIFO_H
00001c00   .bss
00001c00   __bss__
00001c8c   display
00001c8e   segments_lcdmem
00001ce2   int_to_array_str
00001cea   sRFsmpl
00001cf0   simpliciti_flag
00001cf2   simpliciti_data
00001d12   simpliciti_ed_address
00001d16   simpliciti_payload_length
00001d17   simpliciti_reply_count
00001d18   burst_mode
00001d1a   burst_start
00001d1c   burst_end
00001d1e   burst_packet
00001d30   burst_packet_index
00001d32   p
00001d76   ps_ok
00001db4   method
00001dd2   BRRX__TXCB_t
00001dee   sBlueRobin
00001e08   sys
00001e0a   request
00001e0c   fptr_lcd_function_line1
00001e10   rf_frequoffset
00001e12   message
00001e14   fptr_lcd_function_line2
00001e18   sAlt
00001e26   sTime
00001e34   sStopwatch
00001e48   BRRX__PowerdownDelay_u8
00001e49   BRRX__SignalLevelReduction
00001e4a   BRRX__MaxSearchTries_u8
00001e4b   BRRX__SearchRatio_u8
00001e4c   BRRX__TestMode_u8
00001e4e   BRRX__PacketBits_t
00001e6c   sAccel
00001e76   button
00001e78   sButton
00001e89   sInit_done
00001e94   BRRX__NextEventTime_u16
00001e96   BRRX__NextEndTime_u16
00001e98   BRRX__NextFrequency_u8
00001e99   BRRX__NextFrequencyOffset_s8
00001e9a   BRRX__TimerState_t
00001e9c   sBatt
00001ea4   sBuzzer
00001eac   _lock
00001eb0   _unlock
00001eb4   _cleanup_ptr
00001eb8   _dtors_ptr
00001ebc   fptr_Timer0_A3_function
00001ec0   sTimer
00001ec3   as_ok
00001ec8   brrx_packet_end_cap_value
00001eca   sDate
00001ed0   sTemp
00001ed6   BRRX__StatusFlags_t
00001ed8   BRRX__CurrentPacketTime_u16
00001eda   BRRX__CurrentSignalLevel_u8
00001edb   rfBSL_button_confirmation
00001ee0   sAlarm
00001ee4   ptrMenu_L2
00001ee6   ptrMenu_L1
00001eec   adc12_result
00001eee   adc12_data_ready
00001eef   __end__
00001eef   end
00002bac   _stack
00002bfc   __STACK_END
00008000   .text
00008000   __text__
00008000   conv_pa_to_meter
0000829a   BRRX__Scheduler_v
0000851e   TIMER0_A0_ISR
00008784   test_mode
000089bc   set_value
00008bda   PORT2_ISR
00008dd8   mx_time
00008fcc   mx_caldist
000091b0   mx_date
0000938e   update_pressure_table
00009566   MRFI_Init
000096fe   display_time
000099bc   nwk_link
00009b0e   simpliciti_sync_decode_ap_cmd_callback
00009c58   display_update
00009d9e   display_acceleration
00009ed0   __fs_sub
00009ed6   __fs_add
0000a000   display_stopwatch
0000a126   SMPL_Ioctl
0000a244   wakeup_event
0000a466   mx_temperature
0000a566   sx_bluerobin
0000a666   mx_alarm
0000a75e   nwk_join
0000a94c   stopwatch_tick
0000aa3c   SMPL_SendOpt
0000ab2a   nwk_QfindOldest
0000ac18   display_altitude
0000ad04   mx_altitude
0000adf0   display_temperature
0000aed6   simpliciti_sync_get_data_callback
0000afba   display_speed
0000b098   display_distance
0000b174   display_chars
0000b248   nwk_allocateLocalRxPort
0000b31c   start_simpliciti_tx_only
0000b3e8   display_date
0000b4b2   init_application
0000b57a   MRFI_Transmit
0000b640   display_alarm
0000b704   int_to_array
0000b7c8   read_calibration_values
0000b942   __fs_mpy
0000b9f8   simpliciti_link
0000baae   simpliciti_main_sync
0000bb64   simpliciti_get_ed_data_callback
0000bc08   nwk_retrieveFrame
0000bcaa   do_altitude_measurement
0000bd48   start_simpliciti_sync
0000bde6   nwk_radioControl
0000be82   Strobe
0000bf1a   ps_twi_sda
0000bfb2   temperature_measurement
0000c048   nwk_nwkInit
0000c0dc   get_bluerobin_data
0000c16c   mrfiRadioInterfaceCmdStrobe
0000c1fc   nwk_buildFrame
0000c28c   __fs_div
0000c3a6   nwk_isConnectionValid
0000c53e   TIMER0_A1_5_ISR
0000c5c2   get_numberOfDays
0000c644   as_start
0000c6c4   nwk_sendAckReply
0000c744   BRRX_RadioReceive_v
0000c7c2   ps_init
0000c83a   nwk_QfindSlot
0000c8b0   battery_measurement
0000c924   display_char
0000c996   ps_read_register
0000ca08   BRRX_RadioInit_v
0000ca78   init_global_variables
0000cae6   as_read_register
0000cbbc   WritePATable
0000cc24   adc12_single_conversion
0000ccf4   as_write_register
0000cd5a   display_heartrate
0000cdc0   ps_get_pa
0000ce26   mrfiRadioInterfaceReadRxFifo
0000ce8a   MRFI_RadioIsr
0000ceec   Timer0_A4_Delay
0000cf4e   BRRX_PacketEndTimerTask_v
0000cfac   display_battery_V
0000d00a   write_lcd_mem
0000d0c4   clock_tick
0000d120   clear_line
0000d17a   BRRX_Start_v
0000d1d2   BRRX__StartNewSearch_v
0000d22a   ps_write_register
0000d282   __divul
0000d282   __remul
0000d2da   BRRX_RadioCalibrate_v
0000d330   display_calories
0000d384   sx_rfbsl
0000d42a   nwk_rawSend
0000d47c   ps_twi_read
0000d51c   add_day
0000d568   button_repeat_function
0000d5b4   convert_acceleration_value_to_mgrav
0000d600   ps_get_temp
0000d64c   __fs_toul
0000d698   __fs_cmp
0000d6e2   toggle_buzzer
0000d72c   BR__CalcRandomTimeOffset_u16
0000d774   _auto_init
0000d7bc   start_buzzer
0000d804   stop_bluerobin
0000d84c   ReadBurstReg
0000d892   SetVCoreUp
0000d8d8   WriteBurstReg
0000d91e   display_hours
0000d964   mrfiRadioInterfaceReadReg
0000d9aa   __fs_tou
0000d9f0   simpliciti_main_tx_only
0000da36   SMPL_Receive
0000da7a   process_requests
0000db44   ps_twi_write
0000db86   BRRX__NewInfo_v
0000dbc6   nwk_isValidReply
0000dc06   reset_altitude_measurement
0000dc46   __divli
0000dc46   __remli
0000dc86   start_altitude_measurement
0000dcc6   BRRX_SetID_v
0000dd04   BRRX__DecodePacket_u8
0000dd42   L_LSL_15
0000dd46   L_LSL_14
0000dd4a   L_LSL_13
0000dd4e   L_LSL_12
0000dd52   L_LSL_11
0000dd56   L_LSL_10
0000dd5a   L_LSL_9
0000dd5e   L_LSL_8
0000dd62   L_LSL_7
0000dd66   L_LSL_6
0000dd6a   L_LSL_5
0000dd6e   L_LSL_4
0000dd72   L_LSL_3
0000dd76   L_LSL_2
0000dd7a   L_LSL_1
0000dd80   L_LSR_15
0000dd84   L_LSR_14
0000dd88   L_LSR_13
0000dd8c   L_LSR_12
0000dd90   L_LSR_11
0000dd94   L_LSR_10
0000dd98   L_LSR_9
0000dd9c   L_LSR_8
0000dda0   L_LSR_7
0000dda4   L_LSR_6
0000dda8   L_LSR_5
0000ddac   L_LSR_4
0000ddb0   L_LSR_3
0000ddb4   L_LSR_2
0000ddb8   L_LSR_1
0000ddbe   nwk_getNextConnection
0000ddfc   BRRX_TimerTask_v
0000de38   MRFI_ReplyDelay
0000de74   nwk_findPeer
0000deb0   nwk_isLinkDuplicate
0000deec   update_stopwatch_timer
0000df62   WriteSingleReg
0000df9c   nwk_processMgmt
0000dfd6   BRRX_Init_v
0000e00e   radio_ISR
0000e07e   main
0000e0b4   nwk_putNumObjectIntoMsg
0000e0ea   __fs_itof
0000e120   BR__CalcCRC_u8
0000e154   BSP_Delay
0000e188   SMPL_Init
0000e1f0   mrfiRadioInterfaceWriteReg
0000e224   mrfiRadioInterfaceWriteTxFifo
0000e258   BRRX_RadioStop_v
0000e28a   MRFI_SetLogicalChannel
0000e2bc   as_stop
0000e2ee   nwk_deviceAddress
0000e320   radio_reset
0000e352   reset_bluerobin
0000e384   __fs_ultof
0000e3b6   sx_alarm
0000e3e8   nwk_linkInit
0000e418   nwk_rawReceive
0000e448   nwk_sendFrame
0000e4a6   as_init
0000e500   nwk_QadjustOrder
0000e52c   __divi
0000e52c   __remi
0000e558   BRRX_GetID_u32
0000e582   MRFI_SetRxAddrFilter
0000e600   Timer0_A3_Start
0000e62a   _c_int00
0000e62a   _c_int00_noexit
0000e654   as_get_data
0000e67e   display_rfbsl
0000e6a8   lcd_init
0000e6fa   nwk_getConnInfo
0000e722   nwk_processPing
0000e74a   sx_ppt
0000e772   sx_rf
0000e79a   SetVCore
0000e7c0   SetVCoreDown
0000e80c   init_buttons
0000e832   init_pressure_table
0000e858   nwk_checkConnInfo
0000e87e   nwk_globalsInit
0000e8a4   nwk_joinInit
0000e8ca   nwk_processLink
0000e8f0   sx_sync
0000e916   BRRX_GetState_t
0000e93a   MRFI_Sleep
0000e982   __fs_utof
0000e9a6   MRFI_WakeUp
0000e9c8   display_value
0000e9ea   memcmp
0000ea0c   nwk_buildAckReqFrame
0000ea2e   __mpyl_f5hw
0000ea50   start_stopwatch
0000ea72   BRRX_GetDistance_u16
0000ea92   BRRX_GetSpeed_u8
0000eab2   MRFI_Rssi
0000ead2   MRFI_RxCompleteISR
0000eaf2   MRFI_RxIdle
0000eb12   MRFI_RxOn
0000eb32   memmove
0000eb52   nwk_connectionControl
0000eb72   reset_clock
0000eb92   reset_stopwatch
0000ebb2   stop_buzzer
0000ebd2   MRFI_EnableRxAddrFilter
0000ec2c   display_symbol
0000ec4a   nwk_frameInit
0000ec68   nwk_setMyAddress
0000ec86   check_alarm
0000eca2   clear_display_all
0000ecbe   convert_ft_to_m
0000ecda   convert_m_to_ft
0000ecf6   display_am_pm_symbol
0000ed12   nwk_QInit
0000ed2e   nwk_processJoin
0000ed4a   stop_altitude_measurement
0000ed80   MRFI_SetRFPwr
0000ed9a   ADC12ISR
0000edb4   stop_stopwatch
0000edce   sx_caldist
0000ede8   MRFI_DelayMs
0000ee00   ReadSingleReg
0000ee18   convert_C_to_F
0000ee30   convert_hour_to_12H_format
0000ee48   display_all_on
0000ee60   reset_alarm
0000ee78   sx_acceleration
0000ee90   MRFI_RandomByte
0000eebc   button_repeat_on
0000eed2   display_selection_Timeformat1
0000eee8   display_selection_User_Gender
0000eefe   __divu
0000eefe   __remu
0000ef14   __mpyi_f5hw
0000ef2a   sx_stopwatch
0000ef40   Timer0_Init
0000ef54   countdown_buzzer
0000ef68   display_all_off
0000ef7c   display_ppt
0000ef90   display_rf
0000efa4   display_sync
0000efcc   is_stopwatch
0000efe0   memset
0000eff4   reset_date
0000f008   BlueRobin_RadioISR_v
0000f01a   convert_F_to_C
0000f02c   is_acceleration_measurement
0000f03e   is_altitude_measurement
0000f050   memcpy
0000f062   nwk_getJoinToken
0000f074   nwk_getLinkToken
0000f086   nwk_getMyAddress
0000f098   nwk_setJoinToken
0000f0aa   nwk_setLinkToken
0000f0bc   open_radio
0000f0ce   reset_batt_measurement
0000f0e0   BRRX__StartTimer_v
0000f0f0   BSP_InitBoard
0000f100   close_radio
0000f110   L_LSL
0000f120   L_LSR
0000f130   radio_powerdown
0000f140   sx_date
0000f150   sx_time
0000f160   acceleration_value_is_positive
0000f16e   display_caldist
0000f17c   is_hour_am
0000f18a   mx_stopwatch
0000f198   reset_acceleration
0000f1a6   set_blink_rate
0000f1b4   BRRX__GetCurrentTime_u16
0000f1c0   MRFI_PostKillSem
0000f1cc   MRFI_Receive
0000f1d8   Timer0_Stop
0000f1e4   clear_display
0000f1f0   do_acceleration_measurement
0000f208   idle_loop
0000f214   is_bluerobin
0000f220   is_bluerobin_searching
0000f22c   is_rf
0000f238   is_temp_measurement
0000f244   nwk_getNumObjectFromMsg
0000f250   nwk_setAPAddress
0000f25c   ps_start
0000f268   switch_seg
0000f274   update_acceleration
0000f280   update_alarm
0000f28c   update_battery_voltage
0000f298   update_stopwatch
0000f2a4   update_temperature
0000f2b0   BRRX__IsTimerRunning_v
0000f2ba   BRRX__StopTimer_v
0000f2c4   button_repeat_off
0000f2ce   nwk_mgmtInit
0000f2d8   nwk_pingInit
0000f2e2   ps_stop
0000f2ec   reset_buzzer
0000f2f6   reset_rf
0000f300   reset_temp_measurement
0000f30a   to_lpm
0000f314   update_date
0000f31e   update_time
0000f328   BRRX_GetFS_Offset_s8
0000f330   BRRX_SetSignalLevelReduction_v
0000f338   Timer0_A3_Stop
0000f340   Timer0_Start
0000f348   stop_alarm
0000f350   BRRX_GetHeartRate_u8
0000f356   BRRX_SetPowerdownDelay_v
0000f35c   BRRX_SetSearchTimeout_v
0000f362   BRRX_Stop_v
0000f368   BRRX__CallTimer_v
0000f36e   BRRX__InitTimer_v
0000f374   MRFI_GetRadioState
0000f37a   clear_blink_mem
0000f380   mx_bluerobin
0000f386   nwk_freeConnection
0000f38c   nwk_getBCastAddress
0000f392   nwk_getFWVersion
0000f398   nwk_getMyRxType
0000f39e   start_blink
0000f3a4   stop_blink
0000f3aa   SMPL_Link
0000f3ae   _system_pre_init
0000f3b2   C$$EXIT
0000f3b2   abort
0000f3b6   nwk_NVObj
0000f3ba   nwk_getProtocolVersion
0000f3be   nwk_processFreq
0000f3c2   nwk_processSecurity
0000f3c6   twi_delay
0000f3ca   _nop
0000f3cc   dummy
0000f3ce   nwk_freqInit
0000f3d0   nwk_securityInit
0000f3d2   sx_altitude
0000f3d4   __etext__
0000f3d4   etext
0000f3d4   int_to_array_conversion_table
0000f5f4   menu_L2_Stopwatch
0000f606   menu_L1_Time
0000f618   menu_L1_Alarm
0000f62a   menu_L1_Temperature
0000f63c   menu_L1_Altitude
0000f64e   menu_L1_Heartrate
0000f660   menu_L1_Speed
0000f672   menu_L1_Acceleration
0000f684   menu_L2_Date
0000f696   menu_L2_Battery
0000f6a8   menu_L2_Rf
0000f6ba   menu_L2_Ppt
0000f6cc   menu_L2_Sync
0000f6de   menu_L2_CalDist
0000f6f0   menu_L2_RFBSL
0000f702   RandomValue_u8
0000f88e   mrfiRadioCfg
0000f8ce   lcd_font
0000f8fa   segments_bitmask
0000f94c   h0
0000f96e   p0
0000f9a8   mgrav_per_bit
0000f9c0   selection_Timeformat
0000f9c8   selection_User_Gender
0000f9d0   BRRX__First_TXCB_t
0000f9d2   BRRX__Last_TXCB_t
0000f9d4   mrfiBroadcastAddr
0000f9e0   __cinit__
0000f9e0   cinit
0000fffe   _reset_vector
ffffffff   __binit__
ffffffff   __c_args__
ffffffff   __pinit__
ffffffff   binit
ffffffff   pinit

[1184 symbols]
